[    0.000000] Linux version 6.19.14-200.fc43.x86_64 (mockbuild@3d94b060593f4389857ed0a29daa3c69) (gcc (GCC) 15.2.1 20260123 (Red Hat 15.2.1-7), GNU ld version 2.45.1-4.fc43) #1 SMP PREEMPT_DYNAMIC Thu Apr 23 17:34:07 UTC 2026
[    0.000000] Command line: BOOT_IMAGE=(hd0,gpt5)/vmlinuz-6.19.14-200.fc43.x86_64 root=UUID=34e34fc2-47b6-41bd-b739-8a1c79788cb2 ro rootflags=subvol=root rhgb quiet module_blacklist=nouveau,nova_core rd.driver.blacklist=nouveau,nova_core modprobe.blacklist=nouveau,nova_core crashkernel=256M thunderbolt.dyndbg=+pflm iommu=off intel_iommu=off thunderbolt.host_reset=false pcie_aspm.policy=performance thunderbolt.clx=0 pcie_port_pm=off pci=resource_alignment=35@0000:03:00.0
[    0.000000] x86/tme: not enabled by BIOS
[    0.000000] x86/split lock detection: #AC: crashing the kernel on kernel split_locks and warning on user-space split_locks
[    0.000000] BIOS-provided physical RAM map:
[    0.000000] BIOS-e820: [mem 0x0000000000000000-0x000000000009efff] usable
[    0.000000] BIOS-e820: [mem 0x000000000009f000-0x00000000000fffff] reserved
[    0.000000] BIOS-e820: [mem 0x0000000000100000-0x00000000545f1fff] usable
[    0.000000] BIOS-e820: [mem 0x00000000545f2000-0x000000005e6b5fff] reserved
[    0.000000] BIOS-e820: [mem 0x000000005e6b6000-0x000000005e7b7fff] ACPI data
[    0.000000] BIOS-e820: [mem 0x000000005e7b8000-0x000000005e93efff] ACPI NVS
[    0.000000] BIOS-e820: [mem 0x000000005e93f000-0x0000000063ffefff] reserved
[    0.000000] BIOS-e820: [mem 0x0000000063fff000-0x0000000063ffffff] usable
[    0.000000] BIOS-e820: [mem 0x0000000064000000-0x00000000787fffff] reserved
[    0.000000] BIOS-e820: [mem 0x00000000c0000000-0x00000000cfffffff] reserved
[    0.000000] BIOS-e820: [mem 0x00000000fe000000-0x00000000fe010fff] reserved
[    0.000000] BIOS-e820: [mem 0x00000000fe410000-0x00000000fe410fff] reserved
[    0.000000] BIOS-e820: [mem 0x00000000fec00000-0x00000000fec00fff] reserved
[    0.000000] BIOS-e820: [mem 0x00000000fed00000-0x00000000fed00fff] reserved
[    0.000000] BIOS-e820: [mem 0x00000000fed20000-0x00000000fed7ffff] reserved
[    0.000000] BIOS-e820: [mem 0x00000000fee00000-0x00000000fee00fff] reserved
[    0.000000] BIOS-e820: [mem 0x00000000ff000000-0x00000000ffffffff] reserved
[    0.000000] BIOS-e820: [mem 0x0000000100000000-0x000000207fffffff] usable
[    0.000000] NX (Execute Disable) protection: active
[    0.000000] APIC: Static calls initialized
[    0.000000] efi: EFI v2.9 by American Megatrends
[    0.000000] efi: ACPI=0x5e8b6000 ACPI 2.0=0x5e8b6014 TPMFinalLog=0x5e822000 SMBIOS=0x62b8d000 SMBIOS 3.0=0x62b8c000 MEMATTR=0x482f6018 ESRT=0x50df1e98 MOKvar=0x63c2e000 RNG=0x5e6eb018 TPMEventLog=0x5e6e0018 
[    0.000000] random: crng init done
[    0.000000] efi: Remove mem79: MMIO range=[0xc0000000-0xcfffffff] (256MB) from e820 map
[    0.000000] e820: remove [mem 0xc0000000-0xcfffffff] reserved
[    0.000000] efi: Not removing mem80: MMIO range=[0xfe000000-0xfe010fff] (68KB) from e820 map
[    0.000000] efi: Not removing mem81: MMIO range=[0xfe410000-0xfe410fff] (4KB) from e820 map
[    0.000000] efi: Not removing mem82: MMIO range=[0xfec00000-0xfec00fff] (4KB) from e820 map
[    0.000000] efi: Not removing mem83: MMIO range=[0xfed00000-0xfed00fff] (4KB) from e820 map
[    0.000000] efi: Not removing mem85: MMIO range=[0xfee00000-0xfee00fff] (4KB) from e820 map
[    0.000000] efi: Remove mem86: MMIO range=[0xff000000-0xffffffff] (16MB) from e820 map
[    0.000000] e820: remove [mem 0xff000000-0xffffffff] reserved
[    0.000000] secureboot: Secure boot disabled
[    0.000000] SMBIOS 3.8.0 present.
[    0.000000] DMI: ASUSTeK COMPUTER INC. NUC15CRSU9/NUC15CRSU9, BIOS CRARL579.0029.2026.0115.1719 01/15/2026
[    0.000000] DMI: Memory slots populated: 2/2
[    0.000000] tsc: Detected 3700.000 MHz processor
[    0.000000] tsc: Detected 3686.400 MHz TSC
[    0.000006] e820: update [mem 0x00000000-0x00000fff] usable ==> reserved
[    0.000008] e820: remove [mem 0x000a0000-0x000fffff] usable
[    0.000011] last_pfn = 0x2080000 max_arch_pfn = 0x400000000
[    0.000015] total RAM covered: 259839M
[    0.000068]  gran_size: 64K 	chunk_size: 64K 	num_reg: 10  	lose cover RAM: 129022M
[    0.000069]  gran_size: 64K 	chunk_size: 128K 	num_reg: 10  	lose cover RAM: 129022M
[    0.000070]  gran_size: 64K 	chunk_size: 256K 	num_reg: 10  	lose cover RAM: 129022M
[    0.000071]  gran_size: 64K 	chunk_size: 512K 	num_reg: 10  	lose cover RAM: 129022M
[    0.000071]  gran_size: 64K 	chunk_size: 1M 	num_reg: 10  	lose cover RAM: 129022M
[    0.000072]  gran_size: 64K 	chunk_size: 2M 	num_reg: 10  	lose cover RAM: 129022M
[    0.000072]  gran_size: 64K 	chunk_size: 4M 	num_reg: 10  	lose cover RAM: 129022M
[    0.000072]  gran_size: 64K 	chunk_size: 8M 	num_reg: 10  	lose cover RAM: 129022M
[    0.000073]  gran_size: 64K 	chunk_size: 16M 	num_reg: 10  	lose cover RAM: 129022M
[    0.000073]  gran_size: 64K 	chunk_size: 32M 	num_reg: 10  	lose cover RAM: 129022M
[    0.000074]  gran_size: 64K 	chunk_size: 64M 	num_reg: 10  	lose cover RAM: 129022M
[    0.000074]  gran_size: 64K 	chunk_size: 128M 	num_reg: 10  	lose cover RAM: 129022M
[    0.000074]  gran_size: 64K 	chunk_size: 256M 	num_reg: 10  	lose cover RAM: 129022M
[    0.000075]  gran_size: 64K 	chunk_size: 512M 	num_reg: 10  	lose cover RAM: 129020M
[    0.000075]  gran_size: 64K 	chunk_size: 1G 	num_reg: 10  	lose cover RAM: 129020M
[    0.000076]  gran_size: 64K 	chunk_size: 2G 	num_reg: 10  	lose cover RAM: 129020M
[    0.000076]  gran_size: 128K 	chunk_size: 128K 	num_reg: 10  	lose cover RAM: 129022M
[    0.000077]  gran_size: 128K 	chunk_size: 256K 	num_reg: 10  	lose cover RAM: 129022M
[    0.000077]  gran_size: 128K 	chunk_size: 512K 	num_reg: 10  	lose cover RAM: 129022M
[    0.000078]  gran_size: 128K 	chunk_size: 1M 	num_reg: 10  	lose cover RAM: 129022M
[    0.000078]  gran_size: 128K 	chunk_size: 2M 	num_reg: 10  	lose cover RAM: 129022M
[    0.000078]  gran_size: 128K 	chunk_size: 4M 	num_reg: 10  	lose cover RAM: 129022M
[    0.000079]  gran_size: 128K 	chunk_size: 8M 	num_reg: 10  	lose cover RAM: 129022M
[    0.000079]  gran_size: 128K 	chunk_size: 16M 	num_reg: 10  	lose cover RAM: 129022M
[    0.000080]  gran_size: 128K 	chunk_size: 32M 	num_reg: 10  	lose cover RAM: 129022M
[    0.000080]  gran_size: 128K 	chunk_size: 64M 	num_reg: 10  	lose cover RAM: 129022M
[    0.000081]  gran_size: 128K 	chunk_size: 128M 	num_reg: 10  	lose cover RAM: 129022M
[    0.000081]  gran_size: 128K 	chunk_size: 256M 	num_reg: 10  	lose cover RAM: 129022M
[    0.000081]  gran_size: 128K 	chunk_size: 512M 	num_reg: 10  	lose cover RAM: 129020M
[    0.000082]  gran_size: 128K 	chunk_size: 1G 	num_reg: 10  	lose cover RAM: 129020M
[    0.000082]  gran_size: 128K 	chunk_size: 2G 	num_reg: 10  	lose cover RAM: 129020M
[    0.000083]  gran_size: 256K 	chunk_size: 256K 	num_reg: 10  	lose cover RAM: 129022M
[    0.000083]  gran_size: 256K 	chunk_size: 512K 	num_reg: 10  	lose cover RAM: 129022M
[    0.000084]  gran_size: 256K 	chunk_size: 1M 	num_reg: 10  	lose cover RAM: 129022M
[    0.000084]  gran_size: 256K 	chunk_size: 2M 	num_reg: 10  	lose cover RAM: 129022M
[    0.000084]  gran_size: 256K 	chunk_size: 4M 	num_reg: 10  	lose cover RAM: 129022M
[    0.000085]  gran_size: 256K 	chunk_size: 8M 	num_reg: 10  	lose cover RAM: 129022M
[    0.000085]  gran_size: 256K 	chunk_size: 16M 	num_reg: 10  	lose cover RAM: 129022M
[    0.000086]  gran_size: 256K 	chunk_size: 32M 	num_reg: 10  	lose cover RAM: 129022M
[    0.000086]  gran_size: 256K 	chunk_size: 64M 	num_reg: 10  	lose cover RAM: 129022M
[    0.000087]  gran_size: 256K 	chunk_size: 128M 	num_reg: 10  	lose cover RAM: 129022M
[    0.000087]  gran_size: 256K 	chunk_size: 256M 	num_reg: 10  	lose cover RAM: 129022M
[    0.000087]  gran_size: 256K 	chunk_size: 512M 	num_reg: 10  	lose cover RAM: 129020M
[    0.000088]  gran_size: 256K 	chunk_size: 1G 	num_reg: 10  	lose cover RAM: 129020M
[    0.000088]  gran_size: 256K 	chunk_size: 2G 	num_reg: 10  	lose cover RAM: 129020M
[    0.000089]  gran_size: 512K 	chunk_size: 512K 	num_reg: 10  	lose cover RAM: 129022M
[    0.000089]  gran_size: 512K 	chunk_size: 1M 	num_reg: 10  	lose cover RAM: 129022M
[    0.000090]  gran_size: 512K 	chunk_size: 2M 	num_reg: 10  	lose cover RAM: 129022M
[    0.000090]  gran_size: 512K 	chunk_size: 4M 	num_reg: 10  	lose cover RAM: 129022M
[    0.000090]  gran_size: 512K 	chunk_size: 8M 	num_reg: 10  	lose cover RAM: 129022M
[    0.000091]  gran_size: 512K 	chunk_size: 16M 	num_reg: 10  	lose cover RAM: 129022M
[    0.000091]  gran_size: 512K 	chunk_size: 32M 	num_reg: 10  	lose cover RAM: 129022M
[    0.000092]  gran_size: 512K 	chunk_size: 64M 	num_reg: 10  	lose cover RAM: 129022M
[    0.000092]  gran_size: 512K 	chunk_size: 128M 	num_reg: 10  	lose cover RAM: 129022M
[    0.000093]  gran_size: 512K 	chunk_size: 256M 	num_reg: 10  	lose cover RAM: 129022M
[    0.000093]  gran_size: 512K 	chunk_size: 512M 	num_reg: 10  	lose cover RAM: 129020M
[    0.000093]  gran_size: 512K 	chunk_size: 1G 	num_reg: 10  	lose cover RAM: 129020M
[    0.000094]  gran_size: 512K 	chunk_size: 2G 	num_reg: 10  	lose cover RAM: 129020M
[    0.000094]  gran_size: 1M 	chunk_size: 1M 	num_reg: 10  	lose cover RAM: 129022M
[    0.000095]  gran_size: 1M 	chunk_size: 2M 	num_reg: 10  	lose cover RAM: 129022M
[    0.000095]  gran_size: 1M 	chunk_size: 4M 	num_reg: 10  	lose cover RAM: 129022M
[    0.000096]  gran_size: 1M 	chunk_size: 8M 	num_reg: 10  	lose cover RAM: 129022M
[    0.000096]  gran_size: 1M 	chunk_size: 16M 	num_reg: 10  	lose cover RAM: 129022M
[    0.000097]  gran_size: 1M 	chunk_size: 32M 	num_reg: 10  	lose cover RAM: 129022M
[    0.000097]  gran_size: 1M 	chunk_size: 64M 	num_reg: 10  	lose cover RAM: 129022M
[    0.000097]  gran_size: 1M 	chunk_size: 128M 	num_reg: 10  	lose cover RAM: 129022M
[    0.000098]  gran_size: 1M 	chunk_size: 256M 	num_reg: 10  	lose cover RAM: 129022M
[    0.000098]  gran_size: 1M 	chunk_size: 512M 	num_reg: 10  	lose cover RAM: 129020M
[    0.000099]  gran_size: 1M 	chunk_size: 1G 	num_reg: 10  	lose cover RAM: 129020M
[    0.000099]  gran_size: 1M 	chunk_size: 2G 	num_reg: 10  	lose cover RAM: 129020M
[    0.000100]  gran_size: 2M 	chunk_size: 2M 	num_reg: 10  	lose cover RAM: 129022M
[    0.000100]  gran_size: 2M 	chunk_size: 4M 	num_reg: 10  	lose cover RAM: 129022M
[    0.000100]  gran_size: 2M 	chunk_size: 8M 	num_reg: 10  	lose cover RAM: 129022M
[    0.000101]  gran_size: 2M 	chunk_size: 16M 	num_reg: 10  	lose cover RAM: 129022M
[    0.000101]  gran_size: 2M 	chunk_size: 32M 	num_reg: 10  	lose cover RAM: 129022M
[    0.000102]  gran_size: 2M 	chunk_size: 64M 	num_reg: 10  	lose cover RAM: 129022M
[    0.000102]  gran_size: 2M 	chunk_size: 128M 	num_reg: 10  	lose cover RAM: 129022M
[    0.000103]  gran_size: 2M 	chunk_size: 256M 	num_reg: 10  	lose cover RAM: 129022M
[    0.000103]  gran_size: 2M 	chunk_size: 512M 	num_reg: 10  	lose cover RAM: 129020M
[    0.000103]  gran_size: 2M 	chunk_size: 1G 	num_reg: 10  	lose cover RAM: 129020M
[    0.000104]  gran_size: 2M 	chunk_size: 2G 	num_reg: 10  	lose cover RAM: 129020M
[    0.000104]  gran_size: 4M 	chunk_size: 4M 	num_reg: 10  	lose cover RAM: 129022M
[    0.000105]  gran_size: 4M 	chunk_size: 8M 	num_reg: 10  	lose cover RAM: 129022M
[    0.000105]  gran_size: 4M 	chunk_size: 16M 	num_reg: 10  	lose cover RAM: 129022M
[    0.000106]  gran_size: 4M 	chunk_size: 32M 	num_reg: 10  	lose cover RAM: 129022M
[    0.000106]  gran_size: 4M 	chunk_size: 64M 	num_reg: 10  	lose cover RAM: 129022M
[    0.000106]  gran_size: 4M 	chunk_size: 128M 	num_reg: 10  	lose cover RAM: 129022M
[    0.000107]  gran_size: 4M 	chunk_size: 256M 	num_reg: 10  	lose cover RAM: 129022M
[    0.000107]  gran_size: 4M 	chunk_size: 512M 	num_reg: 10  	lose cover RAM: 129020M
[    0.000108]  gran_size: 4M 	chunk_size: 1G 	num_reg: 10  	lose cover RAM: 129020M
[    0.000108]  gran_size: 4M 	chunk_size: 2G 	num_reg: 10  	lose cover RAM: 129020M
[    0.000109]  gran_size: 8M 	chunk_size: 8M 	num_reg: 10  	lose cover RAM: 129022M
[    0.000109]  gran_size: 8M 	chunk_size: 16M 	num_reg: 10  	lose cover RAM: 129022M
[    0.000109]  gran_size: 8M 	chunk_size: 32M 	num_reg: 10  	lose cover RAM: 129022M
[    0.000110]  gran_size: 8M 	chunk_size: 64M 	num_reg: 10  	lose cover RAM: 129022M
[    0.000110]  gran_size: 8M 	chunk_size: 128M 	num_reg: 10  	lose cover RAM: 129022M
[    0.000111]  gran_size: 8M 	chunk_size: 256M 	num_reg: 10  	lose cover RAM: 129022M
[    0.000111]  gran_size: 8M 	chunk_size: 512M 	num_reg: 10  	lose cover RAM: 129020M
[    0.000112]  gran_size: 8M 	chunk_size: 1G 	num_reg: 10  	lose cover RAM: 129020M
[    0.000112]  gran_size: 8M 	chunk_size: 2G 	num_reg: 10  	lose cover RAM: 129020M
[    0.000112]  gran_size: 16M 	chunk_size: 16M 	num_reg: 10  	lose cover RAM: 129022M
[    0.000113]  gran_size: 16M 	chunk_size: 32M 	num_reg: 10  	lose cover RAM: 129022M
[    0.000113]  gran_size: 16M 	chunk_size: 64M 	num_reg: 10  	lose cover RAM: 129022M
[    0.000114]  gran_size: 16M 	chunk_size: 128M 	num_reg: 10  	lose cover RAM: 129022M
[    0.000114]  gran_size: 16M 	chunk_size: 256M 	num_reg: 10  	lose cover RAM: 129022M
[    0.000115]  gran_size: 16M 	chunk_size: 512M 	num_reg: 10  	lose cover RAM: 129020M
[    0.000115]  gran_size: 16M 	chunk_size: 1G 	num_reg: 10  	lose cover RAM: 129020M
[    0.000116]  gran_size: 16M 	chunk_size: 2G 	num_reg: 10  	lose cover RAM: 129020M
[    0.000116]  gran_size: 32M 	chunk_size: 32M 	num_reg: 10  	lose cover RAM: 129022M
[    0.000116]  gran_size: 32M 	chunk_size: 64M 	num_reg: 10  	lose cover RAM: 129022M
[    0.000117]  gran_size: 32M 	chunk_size: 128M 	num_reg: 10  	lose cover RAM: 129022M
[    0.000117]  gran_size: 32M 	chunk_size: 256M 	num_reg: 10  	lose cover RAM: 129022M
[    0.000118]  gran_size: 32M 	chunk_size: 512M 	num_reg: 10  	lose cover RAM: 129020M
[    0.000118]  gran_size: 32M 	chunk_size: 1G 	num_reg: 10  	lose cover RAM: 129020M
[    0.000118]  gran_size: 32M 	chunk_size: 2G 	num_reg: 10  	lose cover RAM: 129020M
[    0.000119]  gran_size: 64M 	chunk_size: 64M 	num_reg: 10  	lose cover RAM: 129022M
[    0.000119]  gran_size: 64M 	chunk_size: 128M 	num_reg: 10  	lose cover RAM: 129022M
[    0.000120]  gran_size: 64M 	chunk_size: 256M 	num_reg: 10  	lose cover RAM: 129022M
[    0.000120]  gran_size: 64M 	chunk_size: 512M 	num_reg: 10  	lose cover RAM: 129020M
[    0.000121]  gran_size: 64M 	chunk_size: 1G 	num_reg: 10  	lose cover RAM: 129020M
[    0.000121]  gran_size: 64M 	chunk_size: 2G 	num_reg: 10  	lose cover RAM: 129020M
[    0.000121]  gran_size: 128M 	chunk_size: 128M 	num_reg: 10  	lose cover RAM: 129022M
[    0.000122]  gran_size: 128M 	chunk_size: 256M 	num_reg: 10  	lose cover RAM: 129022M
[    0.000122]  gran_size: 128M 	chunk_size: 512M 	num_reg: 10  	lose cover RAM: 129020M
[    0.000123]  gran_size: 128M 	chunk_size: 1G 	num_reg: 10  	lose cover RAM: 129020M
[    0.000123]  gran_size: 128M 	chunk_size: 2G 	num_reg: 10  	lose cover RAM: 129020M
[    0.000124]  gran_size: 256M 	chunk_size: 256M 	num_reg: 10  	lose cover RAM: 129022M
[    0.000124]  gran_size: 256M 	chunk_size: 512M 	num_reg: 10  	lose cover RAM: 129020M
[    0.000125]  gran_size: 256M 	chunk_size: 1G 	num_reg: 10  	lose cover RAM: 129020M
[    0.000125]  gran_size: 256M 	chunk_size: 2G 	num_reg: 10  	lose cover RAM: 129020M
[    0.000125]  gran_size: 512M 	chunk_size: 512M 	num_reg: 10  	lose cover RAM: 129276M
[    0.000126]  gran_size: 512M 	chunk_size: 1G 	num_reg: 10  	lose cover RAM: 129276M
[    0.000126]  gran_size: 512M 	chunk_size: 2G 	num_reg: 10  	lose cover RAM: 129276M
[    0.000127]  gran_size: 1G 	chunk_size: 1G 	num_reg: 10  	lose cover RAM: 129784M
[    0.000127]  gran_size: 1G 	chunk_size: 2G 	num_reg: 10  	lose cover RAM: 129784M
[    0.000128]  gran_size: 2G 	chunk_size: 2G 	num_reg: 10  	lose cover RAM: 130800M
[    0.000128] mtrr_cleanup: can not find optimal value
[    0.000128] please specify mtrr_gran_size/mtrr_chunk_size
[    0.000129] MTRR map: 8 entries (3 fixed + 5 variable; max 23), built from 10 variable MTRRs
[    0.000131] x86/PAT: Configuration [0-7]: WB  WC  UC- UC  WB  WP  UC- WT  
[    0.000455] e820: update [mem 0x70000000-0xffffffff] usable ==> reserved
[    0.000456] e820: update [mem 0x2080000000-0x20800fffff] usable ==> reserved
[    0.000458] x2apic: enabled by BIOS, switching to x2apic ops
[    0.000459] last_pfn = 0x64000 max_arch_pfn = 0x400000000
[    0.004268] esrt: Reserving ESRT space from 0x0000000050df1e98 to 0x0000000050df1fe8.
[    0.004272] e820: update [mem 0x50df1000-0x50df1fff] usable ==> reserved
[    0.004281] Using GB pages for direct mapping
[    0.004352] secureboot: Secure boot disabled
[    0.004352] RAMDISK: [mem 0x3d25e000-0x40487fff]
[    0.004355] ACPI: Early table checksum verification disabled
[    0.004358] ACPI: RSDP 0x000000005E8B6014 000024 (v02 ASUS  )
[    0.004361] ACPI: XSDT 0x000000005E852728 000174 (v01 ASUS   NUC15CR  0000001D AMI  01000013)
[    0.004365] ACPI: FACP 0x000000005E79E000 000114 (v06 ASUS   NUC15CR  0000001D AMI  01000013)
[    0.004368] ACPI: DSDT 0x000000005E72D000 070E47 (v02 ASUS   NUC15CR  0000001D INTL 20210930)
[    0.004369] ACPI: FACS 0x000000005E939000 000040
[    0.004370] ACPI: SSDT 0x000000005E7B5000 000770 (v02 ASUS   NUC15CR  0000001D INTL 20210930)
[    0.004372] ACPI: SSDT 0x000000005E7B4000 0005FB (v02 ASUS   NUC15CR  0000001D INTL 20210930)
[    0.004373] ACPI: SSDT 0x000000005E7B3000 0001AB (v02 ASUS   NUC15CR  0000001D INTL 20210930)
[    0.004374] ACPI: SSDT 0x000000005E7B2000 000394 (v02 ASUS   NUC15CR  0000001D INTL 20210930)
[    0.004375] ACPI: SSDT 0x000000005E7B0000 001BAF (v02 ASUS   NUC15CR  0000001D INTL 20210930)
[    0.004377] ACPI: SSDT 0x000000005E7AE000 001620 (v02 ASUS   NUC15CR  0000001D INTL 20210930)
[    0.004378] ACPI: SSDT 0x000000005E7AC000 001349 (v02 ASUS   NUC15CR  0000001D INTL 20210930)
[    0.004379] ACPI: SSDT 0x000000005E7AB000 000FBB (v02 ASUS   NUC15CR  0000001D INTL 20210930)
[    0.004380] ACPI: SSDT 0x000000005E7A7000 003BC8 (v02 ASUS   NUC15CR  0000001D INTL 20210930)
[    0.004381] ACPI: DTPR 0x000000005E7A6000 000088 (v01 ASUS   NUC15CR  0000001D      00000000)
[    0.004383] ACPI: SSDT 0x000000005E7A0000 0053DB (v02 ASUS   NUC15CR  0000001D INTL 20210930)
[    0.004384] ACPI: SSDT 0x000000005E79F000 000D03 (v02 ASUS   NUC15CR  0000001D INTL 20210930)
[    0.004385] ACPI: FIDT 0x000000005E72C000 00009C (v01 ASUS   NUC15CR  0000001D AMI  00010013)
[    0.004386] ACPI: SSDT 0x000000005E7B7000 00038C (v02 ASUS   NUC15CR  0000001D INTL 20210930)
[    0.004387] ACPI: SSDT 0x000000005E729000 00247E (v02 ASUS   NUC15CR  0000001D INTL 20210930)
[    0.004389] ACPI: SSDT 0x000000005E71F000 009ADA (v02 ASUS   NUC15CR  00001000 INTL 20210930)
[    0.004390] ACPI: HPET 0x000000005E7B6000 000038 (v01 ASUS   NUC15CR  0000001D AMI  01000013)
[    0.004391] ACPI: APIC 0x000000005E71E000 000358 (v05 ASUS   NUC15CR  0000001D AMI  01000013)
[    0.004392] ACPI: MCFG 0x000000005E71D000 00003C (v01 ASUS   NUC15CR  0000001D AMI  01000013)
[    0.004393] ACPI: SSDT 0x000000005E710000 00C39C (v02 ASUS   NUC15CR  0000001D INTL 20210930)
[    0.004395] ACPI: SSDT 0x000000005E70E000 00147F (v02 ASUS   NUC15CR  0000001D INTL 20210930)
[    0.004396] ACPI: SSDT 0x000000005E70A000 0038A4 (v02 ASUS   NUC15CR  0000001D INTL 20210930)
[    0.004397] ACPI: UEFI 0x000000005E809000 000048 (v01 ASUS   NUC15CR  0000001D AMI  01000013)
[    0.004398] ACPI: NHLT 0x000000005E709000 0002E3 (v00 ASUS   NUC15CR  0000001D AMI  01000013)
[    0.004399] ACPI: LPIT 0x000000005E708000 0000CC (v01 ASUS   NUC15CR  0000001D AMI  01000013)
[    0.004401] ACPI: WDAT 0x000000005E706000 000134 (v01 ASUS   NUC15CR  0000001D AMI  01000013)
[    0.004402] ACPI: SSDT 0x000000005E705000 000CA6 (v02 ASUS   NUC15CR  0000001D INTL 20210930)
[    0.004403] ACPI: SSDT 0x000000005E6FF000 005E42 (v02 ASUS   NUC15CR  0000001D INTL 20210930)
[    0.004404] ACPI: DBGP 0x000000005E6FE000 000034 (v01 ASUS   NUC15CR  0000001D AMI  01000013)
[    0.004406] ACPI: DBG2 0x000000005E6FD000 000054 (v00 ASUS   NUC15CR  0000001D AMI  01000013)
[    0.004407] ACPI: SSDT 0x000000005E6FB000 001AFE (v02 ASUS   NUC15CR  0000001D INTL 20210930)
[    0.004408] ACPI: DMAR 0x000000005E6FA000 000098 (v01 ASUS   NUC15CR  0000001D AMI  01000013)
[    0.004409] ACPI: FPDT 0x000000005E6F9000 000044 (v01 ASUS   NUC15CR  0000001D AMI  01000013)
[    0.004410] ACPI: SSDT 0x000000005E6F7000 001092 (v02 ASUS   NUC15CR  0000001D INTL 20210930)
[    0.004412] ACPI: SSDT 0x000000005E6F4000 00281A (v02 ASUS   NUC15CR  0000001D INTL 20210930)
[    0.004413] ACPI: SSDT 0x000000005E6F1000 0028D3 (v02 ASUS   NUC15CR  0000001D INTL 20210930)
[    0.004414] ACPI: BGRT 0x000000005E6F0000 000038 (v01 ASUS   NUC15CR  0000001D AMI  00010013)
[    0.004415] ACPI: SSDT 0x000000005E6EE000 0011A0 (v02 ASUS   NUC15CR  0000001D INTL 20210930)
[    0.004416] ACPI: PHAT 0x000000005E6ED000 000810 (v01 ASUS   NUC15CR  0000001D MSFT 0100000D)
[    0.004417] ACPI: TPM2 0x000000005E6EC000 00004C (v04 ASUS   NUC15CR  0000001D AMI  00000000)
[    0.004419] ACPI: WSMT 0x000000005E707000 000028 (v01 ASUS   NUC15CR  0000001D AMI  00010013)
[    0.004419] ACPI: Reserving FACP table memory at [mem 0x5e79e000-0x5e79e113]
[    0.004420] ACPI: Reserving DSDT table memory at [mem 0x5e72d000-0x5e79de46]
[    0.004420] ACPI: Reserving FACS table memory at [mem 0x5e939000-0x5e93903f]
[    0.004421] ACPI: Reserving SSDT table memory at [mem 0x5e7b5000-0x5e7b576f]
[    0.004421] ACPI: Reserving SSDT table memory at [mem 0x5e7b4000-0x5e7b45fa]
[    0.004421] ACPI: Reserving SSDT table memory at [mem 0x5e7b3000-0x5e7b31aa]
[    0.004421] ACPI: Reserving SSDT table memory at [mem 0x5e7b2000-0x5e7b2393]
[    0.004422] ACPI: Reserving SSDT table memory at [mem 0x5e7b0000-0x5e7b1bae]
[    0.004422] ACPI: Reserving SSDT table memory at [mem 0x5e7ae000-0x5e7af61f]
[    0.004422] ACPI: Reserving SSDT table memory at [mem 0x5e7ac000-0x5e7ad348]
[    0.004423] ACPI: Reserving SSDT table memory at [mem 0x5e7ab000-0x5e7abfba]
[    0.004423] ACPI: Reserving SSDT table memory at [mem 0x5e7a7000-0x5e7aabc7]
[    0.004423] ACPI: Reserving DTPR table memory at [mem 0x5e7a6000-0x5e7a6087]
[    0.004423] ACPI: Reserving SSDT table memory at [mem 0x5e7a0000-0x5e7a53da]
[    0.004423] ACPI: Reserving SSDT table memory at [mem 0x5e79f000-0x5e79fd02]
[    0.004424] ACPI: Reserving FIDT table memory at [mem 0x5e72c000-0x5e72c09b]
[    0.004424] ACPI: Reserving SSDT table memory at [mem 0x5e7b7000-0x5e7b738b]
[    0.004424] ACPI: Reserving SSDT table memory at [mem 0x5e729000-0x5e72b47d]
[    0.004425] ACPI: Reserving SSDT table memory at [mem 0x5e71f000-0x5e728ad9]
[    0.004425] ACPI: Reserving HPET table memory at [mem 0x5e7b6000-0x5e7b6037]
[    0.004425] ACPI: Reserving APIC table memory at [mem 0x5e71e000-0x5e71e357]
[    0.004425] ACPI: Reserving MCFG table memory at [mem 0x5e71d000-0x5e71d03b]
[    0.004426] ACPI: Reserving SSDT table memory at [mem 0x5e710000-0x5e71c39b]
[    0.004426] ACPI: Reserving SSDT table memory at [mem 0x5e70e000-0x5e70f47e]
[    0.004426] ACPI: Reserving SSDT table memory at [mem 0x5e70a000-0x5e70d8a3]
[    0.004426] ACPI: Reserving UEFI table memory at [mem 0x5e809000-0x5e809047]
[    0.004427] ACPI: Reserving NHLT table memory at [mem 0x5e709000-0x5e7092e2]
[    0.004427] ACPI: Reserving LPIT table memory at [mem 0x5e708000-0x5e7080cb]
[    0.004427] ACPI: Reserving WDAT table memory at [mem 0x5e706000-0x5e706133]
[    0.004427] ACPI: Reserving SSDT table memory at [mem 0x5e705000-0x5e705ca5]
[    0.004428] ACPI: Reserving SSDT table memory at [mem 0x5e6ff000-0x5e704e41]
[    0.004428] ACPI: Reserving DBGP table memory at [mem 0x5e6fe000-0x5e6fe033]
[    0.004428] ACPI: Reserving DBG2 table memory at [mem 0x5e6fd000-0x5e6fd053]
[    0.004428] ACPI: Reserving SSDT table memory at [mem 0x5e6fb000-0x5e6fcafd]
[    0.004429] ACPI: Reserving DMAR table memory at [mem 0x5e6fa000-0x5e6fa097]
[    0.004429] ACPI: Reserving FPDT table memory at [mem 0x5e6f9000-0x5e6f9043]
[    0.004429] ACPI: Reserving SSDT table memory at [mem 0x5e6f7000-0x5e6f8091]
[    0.004429] ACPI: Reserving SSDT table memory at [mem 0x5e6f4000-0x5e6f6819]
[    0.004430] ACPI: Reserving SSDT table memory at [mem 0x5e6f1000-0x5e6f38d2]
[    0.004430] ACPI: Reserving BGRT table memory at [mem 0x5e6f0000-0x5e6f0037]
[    0.004430] ACPI: Reserving SSDT table memory at [mem 0x5e6ee000-0x5e6ef19f]
[    0.004431] ACPI: Reserving PHAT table memory at [mem 0x5e6ed000-0x5e6ed80f]
[    0.004431] ACPI: Reserving TPM2 table memory at [mem 0x5e6ec000-0x5e6ec04b]
[    0.004431] ACPI: Reserving WSMT table memory at [mem 0x5e707000-0x5e707027]
[    0.004468] APIC: Switched APIC routing to: cluster x2apic
[    0.004604] No NUMA configuration found
[    0.004604] Faking a node at [mem 0x0000000000000000-0x000000207fffffff]
[    0.004608] NODE_DATA(0) allocated [mem 0x207ffd5280-0x207fffffff]
[    0.004690] crashkernel reserved: 0x000000002d000000 - 0x000000003d000000 (256 MB)
[    0.004763] Zone ranges:
[    0.004764]   DMA      [mem 0x0000000000001000-0x0000000000ffffff]
[    0.004765]   DMA32    [mem 0x0000000001000000-0x00000000ffffffff]
[    0.004766]   Normal   [mem 0x0000000100000000-0x000000207fffffff]
[    0.004766]   Device   empty
[    0.004767] Movable zone start for each node
[    0.004768] Early memory node ranges
[    0.004768]   node   0: [mem 0x0000000000001000-0x000000000009efff]
[    0.004769]   node   0: [mem 0x0000000000100000-0x00000000545f1fff]
[    0.004769]   node   0: [mem 0x0000000063fff000-0x0000000063ffffff]
[    0.004770]   node   0: [mem 0x0000000100000000-0x000000207fffffff]
[    0.004773] Initmem setup node 0 [mem 0x0000000000001000-0x000000207fffffff]
[    0.004777] On node 0, zone DMA: 1 pages in unavailable ranges
[    0.004793] On node 0, zone DMA: 97 pages in unavailable ranges
[    0.006273] On node 0, zone DMA32: 31245 pages in unavailable ranges
[    0.136996] On node 0, zone Normal: 16384 pages in unavailable ranges
[    0.137608] ACPI: PM-Timer IO Port: 0x1808
[    0.137615] ACPI: X2APIC_NMI (uid[0xffffffff] high level lint[0x1])
[    0.137648] IOAPIC[0]: apic_id 2, version 32, address 0xfec00000, GSI 0-119
[    0.137650] ACPI: INT_SRC_OVR (bus 0 bus_irq 0 global_irq 2 dfl dfl)
[    0.137651] ACPI: INT_SRC_OVR (bus 0 bus_irq 9 global_irq 9 high level)
[    0.137653] ACPI: Using ACPI (MADT) for SMP configuration information
[    0.137654] ACPI: HPET id: 0x8086a201 base: 0xfed00000
[    0.137660] e820: update [mem 0x483a2000-0x483d0fff] usable ==> reserved
[    0.137665] TSC deadline timer available
[    0.137666] CPU topo: Max. logical packages:   1
[    0.137667] CPU topo: Max. logical nodes:      1
[    0.137667] CPU topo: Num. nodes per package:  1
[    0.137668] CPU topo: Max. logical dies:       1
[    0.137668] CPU topo: Max. dies per package:   1
[    0.137670] CPU topo: Max. threads per core:   1
[    0.137670] CPU topo: Num. cores per package:    16
[    0.137670] CPU topo: Num. threads per package:  16
[    0.137671] CPU topo: Allowing 16 present CPUs plus 0 hotplug CPUs
[    0.137679] PM: hibernation: Registered nosave memory: [mem 0x00000000-0x00000fff]
[    0.137680] PM: hibernation: Registered nosave memory: [mem 0x0009f000-0x000fffff]
[    0.137681] PM: hibernation: Registered nosave memory: [mem 0x483a2000-0x483d0fff]
[    0.137681] PM: hibernation: Registered nosave memory: [mem 0x50df1000-0x50df1fff]
[    0.137682] PM: hibernation: Registered nosave memory: [mem 0x545f2000-0x63ffefff]
[    0.137682] PM: hibernation: Registered nosave memory: [mem 0x64000000-0xffffffff]
[    0.137683] [mem 0x78800000-0xfdffffff] available for PCI devices
[    0.137684] Booting paravirtualized kernel on bare hardware
[    0.137685] clocksource: refined-jiffies: mask: 0xffffffff max_cycles: 0xffffffff, max_idle_ns: 1910969940391419 ns
[    0.141958] setup_percpu: NR_CPUS:8192 nr_cpumask_bits:16 nr_cpu_ids:16 nr_node_ids:1
[    0.142655] percpu: Embedded 84 pages/cpu s221184 r8192 d114688 u524288
[    0.142658] pcpu-alloc: s221184 r8192 d114688 u524288 alloc=1*2097152
[    0.142659] pcpu-alloc: [0] 00 01 02 03 [0] 04 05 06 07 
[    0.142661] pcpu-alloc: [0] 08 09 10 11 [0] 12 13 14 15 
[    0.142670] Kernel command line: BOOT_IMAGE=(hd0,gpt5)/vmlinuz-6.19.14-200.fc43.x86_64 root=UUID=34e34fc2-47b6-41bd-b739-8a1c79788cb2 ro rootflags=subvol=root rhgb quiet module_blacklist=nouveau,nova_core rd.driver.blacklist=nouveau,nova_core modprobe.blacklist=nouveau,nova_core crashkernel=256M thunderbolt.dyndbg=+pflm iommu=off intel_iommu=off thunderbolt.host_reset=false pcie_aspm.policy=performance thunderbolt.clx=0 pcie_port_pm=off pci=resource_alignment=35@0000:03:00.0
[    0.142745] DMAR: IOMMU disabled
[    0.142773] Unknown kernel command line parameters "rhgb", will be passed to user space.
[    0.142781] printk: log buffer data + meta data: 262144 + 917504 = 1179648 bytes
[    0.146970] Dentry cache hash table entries: 8388608 (order: 14, 67108864 bytes, linear)
[    0.149028] Inode-cache hash table entries: 4194304 (order: 13, 33554432 bytes, linear)
[    0.149129] Fallback order for Node 0: 0 
[    0.149131] Built 1 zonelists, mobility grouping on.  Total pages: 33375633
[    0.149131] Policy zone: Normal
[    0.149292] mem auto-init: stack:all(zero), heap alloc:on, heap free:off
[    0.297789] SLUB: HWalign=64, Order=0-3, MinObjects=0, CPUs=16, Nodes=1
[    0.305946] ftrace: allocating 63440 entries in 248 pages
[    0.305947] ftrace: allocated 248 pages with 5 groups
[    0.306390] Dynamic Preempt: lazy
[    0.306447] rcu: Preemptible hierarchical RCU implementation.
[    0.306448] rcu: 	RCU event tracing is enabled.
[    0.306448] rcu: 	RCU restricting CPUs from NR_CPUS=8192 to nr_cpu_ids=16.
[    0.306449] 	Trampoline variant of Tasks RCU enabled.
[    0.306449] 	Rude variant of Tasks RCU enabled.
[    0.306450] 	Tracing variant of Tasks RCU enabled.
[    0.306450] rcu: RCU calculated value of scheduler-enlistment delay is 100 jiffies.
[    0.306451] rcu: Adjusting geometry for rcu_fanout_leaf=16, nr_cpu_ids=16
[    0.306459] RCU Tasks: Setting shift to 4 and lim to 1 rcu_task_cb_adjust=1 rcu_task_cpu_ids=16.
[    0.306461] RCU Tasks Rude: Setting shift to 4 and lim to 1 rcu_task_cb_adjust=1 rcu_task_cpu_ids=16.
[    0.306462] RCU Tasks Trace: Setting shift to 4 and lim to 1 rcu_task_cb_adjust=1 rcu_task_cpu_ids=16.
[    0.308851] NR_IRQS: 524544, nr_irqs: 2184, preallocated irqs: 16
[    0.309138] rcu: srcu_init: Setting srcu_struct sizes based on contention.
[    0.309352] kfence: initialized - using 2097152 bytes for 255 objects at 0x(____ptrval____)-0x(____ptrval____)
[    0.309393] Console: colour dummy device 80x25
[    0.309395] printk: legacy console [tty0] enabled
[    0.309429] ACPI: Core revision 20250807
[    0.309695] hpet: HPET dysfunctional in PC10. Force disabled.
[    0.309789] APIC: Switch to symmetric I/O mode setup
[    0.309790] DMAR: Host address width 42
[    0.309791] DMAR: DRHD base: 0x000000fc800000 flags: 0x0
[    0.309797] DMAR: dmar0: reg_base_addr fc800000 ver 7:0 cap c9de008cee690462 ecap 12ca9a00f0ef5e
[    0.309799] DMAR: DRHD base: 0x000000fc801000 flags: 0x1
[    0.309802] DMAR: dmar1: reg_base_addr fc801000 ver 7:0 cap c9de008cee690462 ecap 12ca9a00f0efde
[    0.309804] DMAR: SATC flags: 0x1
[    0.309806] DMAR-IR: IOAPIC id 2 under DRHD base  0xfc801000 IOMMU 1
[    0.309806] DMAR-IR: HPET id 0 under DRHD base 0xfc801000
[    0.309807] DMAR-IR: Queued invalidation will be enabled to support x2apic and Intr-remapping.
[    0.311342] DMAR-IR: Enabled IRQ remapping in x2apic mode
[    0.315383] clocksource: tsc-early: mask: 0xffffffffffffffff max_cycles: 0x6a464ae9873, max_idle_ns: 881590529744 ns
[    0.315388] Calibrating delay loop (skipped), value calculated using timer frequency.. 7372.80 BogoMIPS (lpj=3686400)
[    0.315438] CPU0: Thermal monitoring enabled (TM1)
[    0.315440] x86/cpu: User Mode Instruction Prevention (UMIP) activated
[    0.315602] CET detected: Indirect Branch Tracking enabled
[    0.315602] Last level iTLB entries: 4KB 0, 2MB 0, 4MB 0
[    0.315603] Last level dTLB entries: 4KB 0, 2MB 0, 4MB 0, 1GB 0
[    0.315606] process: using mwait in idle threads
[    0.315607] mitigations: Enabled attack vectors: user_kernel, user_user, guest_host, guest_guest, SMT mitigations: auto
[    0.315609] Speculative Store Bypass: Mitigation: Speculative Store Bypass disabled via prctl
[    0.315610] Spectre V2 : Mitigation: Enhanced / Automatic IBRS
[    0.315611] VMSCAPE: Mitigation: IBPB before exit to userspace
[    0.315611] Spectre V1 : Mitigation: usercopy/swapgs barriers and __user pointer sanitization
[    0.315612] Spectre V2 : mitigation: Enabling conditional Indirect Branch Prediction Barrier
[    0.315619] x86/fpu: Supporting XSAVE feature 0x001: 'x87 floating point registers'
[    0.315620] x86/fpu: Supporting XSAVE feature 0x002: 'SSE registers'
[    0.315620] x86/fpu: Supporting XSAVE feature 0x004: 'AVX registers'
[    0.315620] x86/fpu: Supporting XSAVE feature 0x200: 'Protection Keys User registers'
[    0.315621] x86/fpu: Supporting XSAVE feature 0x800: 'Control-flow User registers'
[    0.315621] x86/fpu: Supporting XSAVE feature 0x1000: 'Control-flow Kernel registers (KVM only)'
[    0.315622] x86/fpu: xstate_offset[2]:  576, xstate_sizes[2]:  256
[    0.315622] x86/fpu: xstate_offset[9]:  832, xstate_sizes[9]:    8
[    0.315623] x86/fpu: xstate_offset[11]:  840, xstate_sizes[11]:   16
[    0.315623] x86/fpu: xstate_offset[12]:  856, xstate_sizes[12]:   24
[    0.315624] x86/fpu: Enabled xstate features 0x1a07, context size is 880 bytes, using 'compacted' format.
[    0.316386] Freeing SMP alternatives memory: 56K
[    0.316386] pid_max: default: 32768 minimum: 301
[    0.316386] Yama: becoming mindful.
[    0.316386] SELinux:  Initializing.
[    0.316386] LSM support for eBPF active
[    0.316386] landlock: Up and running.
[    0.316386] Mount-cache hash table entries: 131072 (order: 8, 1048576 bytes, linear)
[    0.316386] Mountpoint-cache hash table entries: 131072 (order: 8, 1048576 bytes, linear)
[    0.316386] smpboot: CPU0: Intel(R) Core(TM) Ultra 9 285H (family: 0x6, model: 0xc5, stepping: 0x2)
[    0.316386] Performance Events: XSAVE Architectural LBR, PEBS fmt5+-baseline,  AnyThread deprecated, ArrowLake-H Hybrid events, 32-deep LBR, full-width counters, Intel PMU driver.
[    0.316386] core: cpu_core PMU driver: 
[    0.316386] ... version:                   5
[    0.316386] ... bit width:                 48
[    0.316386] ... generic counters:          10
[    0.316386] ... generic bitmap:            00000000000003ff
[    0.316386] ... fixed-purpose counters:    4
[    0.316386] ... fixed-purpose bitmap:      000000000000000f
[    0.316386] ... value mask:                0000ffffffffffff
[    0.316386] ... max period:                00007fffffffffff
[    0.316386] ... global_ctrl mask:          0001000f000003ff
[    0.316386] signal: max sigframe size: 3632
[    0.316386] Estimated ratio of average max frequency by base frequency (times 1024): 1411
[    0.316386] rcu: Hierarchical SRCU implementation.
[    0.316386] rcu: 	Max phase no-delay instances is 400.
[    0.316386] Timer migration: 2 hierarchy levels; 8 children per group; 2 crossnode level
[    0.316386] NMI watchdog: Enabled. Permanently consumes one hw-PMU counter.
[    0.316415] smp: Bringing up secondary CPUs ...
[    0.316469] smpboot: x86: Booting SMP configuration:
[    0.316470] .... node  #0, CPUs:        #1  #2  #3  #4  #5  #6  #7  #8  #9 #10 #11 #12 #13 #14 #15
[    0.007120] core: The event 0x5d0 is not supported as an auto-counter reload event.
[    0.007120] core: cpu_atom PMU driver: 
[    0.007120] ... version:                   5
[    0.007120] ... bit width:                 48
[    0.007120] ... generic counters:          8
[    0.007120] ... generic bitmap:            00000000000000ff
[    0.007120] ... fixed-purpose counters:    6
[    0.007120] ... fixed-purpose bitmap:      0000000000000077
[    0.007120] ... value mask:                0000ffffffffffff
[    0.007120] ... max period:                00007fffffffffff
[    0.007120] ... global_ctrl mask:          00000077000000ff
[    0.007120] core: cpu_lowpower PMU driver: 
[    0.007120] ... version:                   5
[    0.007120] ... bit width:                 48
[    0.007120] ... generic counters:          8
[    0.007120] ... generic bitmap:            00000000000000ff
[    0.007120] ... fixed-purpose counters:    3
[    0.007120] ... fixed-purpose bitmap:      0000000000000007
[    0.007120] ... value mask:                0000ffffffffffff
[    0.007120] ... max period:                00007fffffffffff
[    0.007120] ... global_ctrl mask:          00000007000000ff
[    0.321480] smp: Brought up 1 node, 16 CPUs
[    0.321480] smpboot: Total of 16 processors activated (117964.80 BogoMIPS)
[    0.322512] Memory: 130695176K/133502532K available (22601K kernel code, 4588K rwdata, 17852K rodata, 5200K init, 5788K bss, 2777464K reserved, 0K cma-reserved)
[    0.326062] devtmpfs: initialized
[    0.326062] x86/mm: Memory block size: 2048MB
[    0.326654] ACPI: PM: Registering ACPI NVS region [mem 0x5e7b8000-0x5e93efff] (1601536 bytes)
[    0.326654] clocksource: jiffies: mask: 0xffffffff max_cycles: 0xffffffff, max_idle_ns: 1911260446275000 ns
[    0.326654] posixtimers hash table entries: 8192 (order: 5, 131072 bytes, linear)
[    0.326654] futex hash table entries: 4096 (262144 bytes on 1 NUMA nodes, total 256 KiB, linear).
[    0.326655] PM: RTC time: 14:17:22, date: 2026-05-10
[    0.326936] NET: Registered PF_NETLINK/PF_ROUTE protocol family
[    0.327677] DMA: preallocated 4096 KiB GFP_KERNEL pool for atomic allocations
[    0.327970] DMA: preallocated 4096 KiB GFP_KERNEL|GFP_DMA pool for atomic allocations
[    0.328259] DMA: preallocated 4096 KiB GFP_KERNEL|GFP_DMA32 pool for atomic allocations
[    0.328264] audit: initializing netlink subsys (disabled)
[    0.328276] audit: type=2000 audit(1778422642.012:1): state=initialized audit_enabled=0 res=1
[    0.328276] thermal_sys: Registered thermal governor 'fair_share'
[    0.328276] thermal_sys: Registered thermal governor 'bang_bang'
[    0.328276] thermal_sys: Registered thermal governor 'step_wise'
[    0.328276] thermal_sys: Registered thermal governor 'user_space'
[    0.328276] cpuidle: using governor menu
[    0.331992] efi: Freeing EFI boot services memory: 202088K
[    0.331994] acpiphp: ACPI Hot Plug PCI Controller Driver version: 0.5
[    0.332063] PCI: ECAM [mem 0xc0000000-0xcfffffff] (base 0xc0000000) for domain 0000 [bus 00-ff]
[    0.332073] PCI: Using configuration type 1 for base access
[    0.332150] kprobes: kprobe jump-optimization is enabled. All kprobes are optimized if possible.
[    0.332228] HugeTLB: registered 1.00 GiB page size, pre-allocated 0 pages
[    0.332228] HugeTLB: 16380 KiB vmemmap can be freed for a 1.00 GiB page
[    0.332228] HugeTLB: registered 2.00 MiB page size, pre-allocated 0 pages
[    0.332228] HugeTLB: 28 KiB vmemmap can be freed for a 2.00 MiB page
[    0.333172] raid6: skipped pq benchmark and selected avx2x4
[    0.333174] raid6: using avx2x2 recovery algorithm
[    0.333228] ACPI: Added _OSI(Module Device)
[    0.333229] ACPI: Added _OSI(Processor Device)
[    0.333229] ACPI: Added _OSI(Processor Aggregator Device)
[    0.375993] ACPI: 25 ACPI AML tables successfully acquired and loaded
[    0.380510] ACPI: USB4 _OSC: OS supports USB3+ DisplayPort+ PCIe+ XDomain+
[    0.380511] ACPI: USB4 _OSC: OS controls USB3+ DisplayPort+ PCIe+ XDomain+
[    0.582393] ACPI: EC: EC started
[    0.582393] ACPI: EC: interrupt blocked
[    0.582809] ACPI: EC: EC_CMD/EC_SC=0x66, EC_DATA=0x62
[    0.582811] ACPI: \_SB_.PC00.LPCB.H_EC: Boot DSDT EC used to handle transactions
[    0.582811] ACPI: Interpreter enabled
[    0.582839] ACPI: PM: (supports S0 S3 S4 S5)
[    0.582840] ACPI: Using IOAPIC for interrupt routing
[    0.583678] PCI: Using host bridge windows from ACPI; if necessary, use "pci=nocrs" and report a bug
[    0.583679] PCI: Ignoring E820 reservations for host bridge windows
[    0.584898] ACPI: Enabled 13 GPEs in block 00 to 7F
[    0.584916] ACPI: Enabled 8 GPEs in block 80 to DF
[    0.587769] ACPI: \_SB_.PC00.RP04.PXP_: New power resource
[    0.588490] ACPI: \_SB_.PC00.RP05.PXP_: New power resource
[    0.691864] ACPI: \_SB_.PC00.RP11.PXP_: New power resource
[    0.692674] ACPI: \_SB_.PC00.RP12.PXP_: New power resource
[    0.695529] ACPI: \_SB_.PC00.XHCI.RHUB.HS10.BTRT: New power resource
[    0.695560] ACPI: \_SB_.PC00.XHCI.RHUB.HS10.DBTR: New power resource
[    0.695727] ACPI: \_SB_.PC00.PAUD: New power resource
[    0.703575] ACPI: \_SB_.PC00.CNVW.WRST: New power resource
[    0.714944] ACPI: \_SB_.PC00.TBT0: New power resource
[    0.714998] ACPI: \_SB_.PC00.TBT1: New power resource
[    0.715033] ACPI: \_SB_.PC00.D3C_: New power resource
[    0.726612] ACPI: \_TZ_.FN00: New power resource
[    0.726648] ACPI: \_TZ_.FN01: New power resource
[    0.726681] ACPI: \_TZ_.FN02: New power resource
[    0.726714] ACPI: \_TZ_.FN03: New power resource
[    0.726747] ACPI: \_TZ_.FN04: New power resource
[    0.727136] ACPI: \PIN_: New power resource
[    0.727706] ACPI: PCI Root Bridge [PC00] (domain 0000 [bus 00-fe])
[    0.727710] acpi PNP0A08:00: _OSC: OS supports [ExtendedConfig ASPM ClockPM Segments MSI EDR HPX-Type3]
[    0.728994] acpi PNP0A08:00: _OSC: OS now controls [PCIeHotplug SHPCHotplug PME AER PCIeCapability LTR DPC]
[    0.730095] PCI host bridge to bus 0000:00
[    0.730098] pci_bus 0000:00: root bus resource [io  0x0000-0x0cf7 window]
[    0.730099] pci_bus 0000:00: root bus resource [io  0x0d00-0xffff window]
[    0.730100] pci_bus 0000:00: root bus resource [mem 0x000a0000-0x000bffff window]
[    0.730101] pci_bus 0000:00: root bus resource [mem 0x80000000-0xbfffffff window]
[    0.730101] pci_bus 0000:00: root bus resource [mem 0x4000000000-0x3ffbfffffff window]
[    0.730102] pci_bus 0000:00: root bus resource [bus 00-fe]
[    0.730845] pci 0000:00:00.0: [8086:7d06] type 00 class 0x060000 conventional PCI endpoint
[    0.730971] pci 0000:00:01.0: [8086:7ecc] type 01 class 0x060400 PCIe Root Port
[    0.730987] pci 0000:00:01.0: PCI bridge to [bus 01]
[    0.730991] pci 0000:00:01.0:   bridge window [mem 0x90300000-0x903fffff]
[    0.731048] pci 0000:00:01.0: PME# supported from D0 D3hot D3cold
[    0.731079] pci 0000:00:01.0: PTM enabled (root), 4ns granularity
[    0.731669] pci 0000:00:02.0: [8086:7d51] type 00 class 0x030000 PCIe Root Complex Integrated Endpoint
[    0.731692] pci 0000:00:02.0: BAR 0 [mem 0x5837000000-0x5837ffffff 64bit pref]
[    0.731694] pci 0000:00:02.0: BAR 2 [mem 0x5020000000-0x502fffffff 64bit pref]
[    0.731709] pci 0000:00:02.0: DMAR: Skip IOMMU disabling for graphics
[    0.731712] pci 0000:00:02.0: Video device with shadowed ROM at [mem 0x000c0000-0x000dffff]
[    0.731742] pci 0000:00:02.0: PME# supported from D0 D3hot
[    0.731765] pci 0000:00:02.0: VF BAR 0 [mem 0x5830000000-0x5830ffffff 64bit pref]
[    0.731766] pci 0000:00:02.0: VF BAR 0 [mem 0x5830000000-0x5836ffffff 64bit pref]: contains BAR 0 for 7 VFs
[    0.731914] pci 0000:00:04.0: [8086:7d03] type 00 class 0x118000 conventional PCI endpoint
[    0.731945] pci 0000:00:04.0: BAR 0 [mem 0x58402c0000-0x58402dffff 64bit]
[    0.732164] pci 0000:00:07.0: [8086:7ec4] type 01 class 0x060400 PCIe Root Port
[    0.732181] pci 0000:00:07.0: PCI bridge to [bus 02-2b]
[    0.732184] pci 0000:00:07.0:   bridge window [io  0x3000-0x3fff]
[    0.732186] pci 0000:00:07.0:   bridge window [mem 0x80000000-0x89efffff]
[    0.732193] pci 0000:00:07.0:   bridge window [mem 0x4000000000-0x5013ffffff 64bit pref]
[    0.732245] pci 0000:00:07.0: PME# supported from D0 D3hot D3cold
[    0.732270] pci 0000:00:07.0: PTM enabled (root), 4ns granularity
[    0.732857] pci 0000:00:07.2: [8086:7ec6] type 01 class 0x060400 PCIe Root Port
[    0.732877] pci 0000:00:07.2: PCI bridge to [bus 2c-55]
[    0.732882] pci 0000:00:07.2:   bridge window [mem 0x8a000000-0x8fffffff]
[    0.732889] pci 0000:00:07.2:   bridge window [mem 0x5030000000-0x582fffffff 64bit pref]
[    0.732950] pci 0000:00:07.2: PME# supported from D0 D3hot D3cold
[    0.732978] pci 0000:00:07.2: PTM enabled (root), 4ns granularity
[    0.733568] pci 0000:00:08.0: [8086:774c] type 00 class 0x088000 conventional PCI endpoint
[    0.733597] pci 0000:00:08.0: BAR 0 [mem 0x5840322000-0x5840322fff 64bit]
[    0.733677] pci 0000:00:0a.0: [8086:7d0d] type 00 class 0x118000 PCIe Root Complex Integrated Endpoint
[    0.733692] pci 0000:00:0a.0: BAR 0 [mem 0x5840280000-0x58402bffff 64bit]
[    0.733698] pci 0000:00:0a.0: enabling Extended Tags
[    0.733758] pci 0000:00:0b.0: [8086:7d1d] type 00 class 0x120000 PCIe Root Complex Integrated Endpoint
[    0.733776] pci 0000:00:0b.0: BAR 0 [mem 0x5838000000-0x583fffffff 64bit]
[    0.733779] pci 0000:00:0b.0: BAR 4 [mem 0x5840321000-0x5840321fff 64bit]
[    0.733859] pci 0000:00:0d.0: [8086:7ec0] type 00 class 0x0c0330 conventional PCI endpoint
[    0.733888] pci 0000:00:0d.0: BAR 0 [mem 0x5840300000-0x584030ffff 64bit]
[    0.733920] pci 0000:00:0d.0: PME# supported from D3hot D3cold
[    0.734248] pci 0000:00:0d.2: [8086:7ec2] type 00 class 0x0c0340 conventional PCI endpoint
[    0.734275] pci 0000:00:0d.2: BAR 0 [mem 0x5840240000-0x584027ffff 64bit]
[    0.734276] pci 0000:00:0d.2: BAR 2 [mem 0x5840320000-0x5840320fff 64bit]
[    0.734303] pci 0000:00:0d.2: supports D1 D2
[    0.734304] pci 0000:00:0d.2: PME# supported from D0 D1 D2 D3hot D3cold
[    0.734395] pci 0000:00:0d.3: [8086:7ec3] type 00 class 0x0c0340 conventional PCI endpoint
[    0.734422] pci 0000:00:0d.3: BAR 0 [mem 0x5840200000-0x584023ffff 64bit]
[    0.734424] pci 0000:00:0d.3: BAR 2 [mem 0x584031f000-0x584031ffff 64bit]
[    0.734450] pci 0000:00:0d.3: supports D1 D2
[    0.734451] pci 0000:00:0d.3: PME# supported from D0 D1 D2 D3hot D3cold
[    0.734563] pci 0000:00:12.0: [8086:7745] type 00 class 0x070000 conventional PCI endpoint
[    0.734591] pci 0000:00:12.0: BAR 0 [mem 0x58402f0000-0x58402fffff 64bit]
[    0.734623] pci 0000:00:12.0: PME# supported from D0 D3hot
[    0.735187] pci 0000:00:14.0: [8086:777d] type 00 class 0x0c0330 conventional PCI endpoint
[    0.735215] pci 0000:00:14.0: BAR 0 [mem 0x58402e0000-0x58402effff 64bit]
[    0.735246] pci 0000:00:14.0: PME# supported from D3hot D3cold
[    0.735594] pci 0000:00:14.2: [8086:777f] type 00 class 0x050000 conventional PCI endpoint
[    0.735631] pci 0000:00:14.2: BAR 0 [mem 0x5840318000-0x584031bfff 64bit]
[    0.735634] pci 0000:00:14.2: BAR 2 [mem 0x584031e000-0x584031efff 64bit]
[    0.735727] pci 0000:00:14.3: [8086:7740] type 00 class 0x028000 PCIe Root Complex Integrated Endpoint
[    0.735751] pci 0000:00:14.3: BAR 0 [mem 0x5840314000-0x5840317fff 64bit]
[    0.735759] pci 0000:00:14.3: enabling Extended Tags
[    0.735790] pci 0000:00:14.3: PME# supported from D0 D3hot D3cold
[    0.736006] pci 0000:00:16.0: [8086:7770] type 00 class 0x078000 conventional PCI endpoint
[    0.736056] pci 0000:00:16.0: BAR 0 [mem 0x584031d000-0x584031dfff 64bit]
[    0.736106] pci 0000:00:16.0: PME# supported from D3hot
[    0.736678] pci 0000:00:1c.0: [8086:773c] type 01 class 0x060400 PCIe Root Port
[    0.736695] pci 0000:00:1c.0: PCI bridge to [bus 56]
[    0.736698] pci 0000:00:1c.0:   bridge window [mem 0x90000000-0x902fffff]
[    0.736756] pci 0000:00:1c.0: PME# supported from D0 D3hot D3cold
[    0.736785] pci 0000:00:1c.0: PTM enabled (root), 4ns granularity
[    0.737333] pci 0000:00:1f.0: [8086:7702] type 00 class 0x060100 conventional PCI endpoint
[    0.737648] pci 0000:00:1f.3: [8086:7728] type 00 class 0x040100 conventional PCI endpoint
[    0.737699] pci 0000:00:1f.3: BAR 0 [mem 0x5840310000-0x5840313fff 64bit]
[    0.737703] pci 0000:00:1f.3: BAR 4 [mem 0x5840000000-0x58401fffff 64bit]
[    0.737771] pci 0000:00:1f.3: PME# supported from D3hot D3cold
[    0.737834] pci 0000:00:1f.4: [8086:7722] type 00 class 0x0c0500 conventional PCI endpoint
[    0.737873] pci 0000:00:1f.4: BAR 0 [mem 0x584031c000-0x584031c0ff 64bit]
[    0.737877] pci 0000:00:1f.4: BAR 4 [io  0xefa0-0xefbf]
[    0.738067] pci 0000:00:1f.5: [8086:7723] type 00 class 0x0c8000 conventional PCI endpoint
[    0.738156] pci 0000:00:1f.5: BAR 0 [mem 0xfe010000-0xfe010fff]
[    0.738258] pci 0000:01:00.0: [144d:a80c] type 00 class 0x010802 PCIe Endpoint
[    0.738295] pci 0000:01:00.0: BAR 0 [mem 0x90300000-0x90303fff 64bit]
[    0.739001] pci 0000:00:01.0: PCI bridge to [bus 01]
[    0.739079] pci 0000:02:00.0: [8086:5786] type 01 class 0x060400 PCIe Switch Upstream Port
[    0.739121] pci 0000:02:00.0: PCI bridge to [bus 03-2b]
[    0.739130] pci 0000:02:00.0:   bridge window [io  0x3000-0x3fff]
[    0.739133] pci 0000:02:00.0:   bridge window [mem 0x80000000-0x89efffff]
[    0.739149] pci 0000:02:00.0:   bridge window [mem 0x4000000000-0x5013ffffff 64bit pref]
[    0.739167] pci 0000:02:00.0: enabling Extended Tags
[    0.739322] pci 0000:02:00.0: supports D1 D2
[    0.739323] pci 0000:02:00.0: PME# supported from D0 D1 D2 D3hot D3cold
[    0.739456] pci 0000:02:00.0: PTM enabled, 4ns granularity
[    0.742396] pci 0000:00:07.0: PCI bridge to [bus 02-2b]
[    0.742494] pci 0000:03:00.0: [8086:5786] type 01 class 0x060400 PCIe Switch Downstream Port
[    0.742536] pci 0000:03:00.0: PCI bridge to [bus 04]
[    0.742545] pci 0000:03:00.0:   bridge window [io  0x3000-0x3fff]
[    0.742549] pci 0000:03:00.0:   bridge window [mem 0x80000000-0x840fffff]
[    0.742564] pci 0000:03:00.0:   bridge window [mem 0x4000000000-0x48140fffff 64bit pref]
[    0.742585] pci 0000:03:00.0: enabling Extended Tags
[    0.742786] pci 0000:03:00.0: supports D1 D2
[    0.742786] pci 0000:03:00.0: PME# supported from D0 D1 D2 D3hot D3cold
[    0.743173] pci 0000:03:01.0: [8086:5786] type 01 class 0x060400 PCIe Switch Downstream Port
[    0.743215] pci 0000:03:01.0: PCI bridge to [bus 05-11]
[    0.743227] pci 0000:03:01.0:   bridge window [mem 0x88000000-0x89efffff]
[    0.743242] pci 0000:03:01.0:   bridge window [mem 0x4d69600000-0x5013ffffff 64bit pref]
[    0.743263] pci 0000:03:01.0: enabling Extended Tags
[    0.743427] pci 0000:03:01.0: supports D1 D2
[    0.743428] pci 0000:03:01.0: PME# supported from D0 D1 D2 D3hot D3cold
[    0.743736] pci 0000:03:02.0: [8086:5786] type 01 class 0x060400 PCIe Switch Downstream Port
[    0.743777] pci 0000:03:02.0: PCI bridge to [bus 12-1e]
[    0.743789] pci 0000:03:02.0:   bridge window [mem 0x86100000-0x87ffffff]
[    0.743805] pci 0000:03:02.0:   bridge window [mem 0x4abec00000-0x4d695fffff 64bit pref]
[    0.743825] pci 0000:03:02.0: enabling Extended Tags
[    0.743990] pci 0000:03:02.0: supports D1 D2
[    0.743991] pci 0000:03:02.0: PME# supported from D0 D1 D2 D3hot D3cold
[    0.744300] pci 0000:03:03.0: [8086:5786] type 01 class 0x060400 PCIe Switch Downstream Port
[    0.744341] pci 0000:03:03.0: PCI bridge to [bus 1f-2b]
[    0.744353] pci 0000:03:03.0:   bridge window [mem 0x84200000-0x860fffff]
[    0.744369] pci 0000:03:03.0:   bridge window [mem 0x4814200000-0x4abebfffff 64bit pref]
[    0.744388] pci 0000:03:03.0: enabling Extended Tags
[    0.744553] pci 0000:03:03.0: supports D1 D2
[    0.744554] pci 0000:03:03.0: PME# supported from D0 D1 D2 D3hot D3cold
[    0.744869] pci 0000:02:00.0: PCI bridge to [bus 03-2b]
[    0.744967] pci 0000:04:00.0: [10de:2b85] type 00 class 0x030000 PCIe Legacy Endpoint
[    0.745041] pci 0000:04:00.0: BAR 0 [mem 0x80000000-0x83ffffff]
[    0.745046] pci 0000:04:00.0: BAR 1 [mem 0x4000000000-0x47ffffffff 64bit pref]
[    0.745050] pci 0000:04:00.0: BAR 3 [mem 0x4812000000-0x4813ffffff 64bit pref]
[    0.745053] pci 0000:04:00.0: BAR 5 [io  0x3000-0x307f]
[    0.745056] pci 0000:04:00.0: ROM [mem 0x84000000-0x8407ffff pref]
[    0.745132] pci 0000:04:00.0: Enabling HDA controller
[    0.745303] pci 0000:04:00.0: PME# supported from D0 D3hot
[    0.745407] pci 0000:04:00.0: VF BAR 0 [mem 0x4814000000-0x481403ffff 64bit pref]
[    0.745408] pci 0000:04:00.0: VF BAR 0 [mem 0x4814000000-0x481403ffff 64bit pref]: contains BAR 0 for 1 VFs
[    0.745413] pci 0000:04:00.0: VF BAR 2 [mem 0x4800000000-0x480fffffff 64bit pref]
[    0.745414] pci 0000:04:00.0: VF BAR 2 [mem 0x4800000000-0x480fffffff 64bit pref]: contains BAR 2 for 1 VFs
[    0.745418] pci 0000:04:00.0: VF BAR 4 [mem 0x4810000000-0x4811ffffff 64bit pref]
[    0.745419] pci 0000:04:00.0: VF BAR 4 [mem 0x4810000000-0x4811ffffff 64bit pref]: contains BAR 4 for 1 VFs
[    0.745784] pci 0000:04:00.0: 8.000 Gb/s available PCIe bandwidth, limited by 2.5 GT/s PCIe x4 link at 0000:00:07.0 (capable of 504.112 Gb/s with 32.0 GT/s PCIe x16 link)
[    0.745985] pci 0000:04:00.1: [10de:22e8] type 00 class 0x040300 PCIe Endpoint
[    0.746058] pci 0000:04:00.1: BAR 0 [mem 0x84080000-0x84083fff]
[    0.748420] pci 0000:03:00.0: PCI bridge to [bus 04]
[    0.748490] pci 0000:03:01.0: PCI bridge to [bus 05-11]
[    0.748561] pci 0000:03:02.0: PCI bridge to [bus 12-1e]
[    0.748631] pci 0000:03:03.0: PCI bridge to [bus 1f-2b]
[    0.748726] pci 0000:00:07.2: PCI bridge to [bus 2c-55]
[    0.748784] pci 0000:56:00.0: [8086:125c] type 00 class 0x020000 PCIe Endpoint
[    0.748828] pci 0000:56:00.0: BAR 0 [mem 0x90100000-0x901fffff]
[    0.748832] pci 0000:56:00.0: BAR 3 [mem 0x90200000-0x90203fff]
[    0.748836] pci 0000:56:00.0: ROM [mem 0x90000000-0x900fffff pref]
[    0.748921] pci 0000:56:00.0: PME# supported from D0 D3hot D3cold
[    0.749551] pci 0000:00:1c.0: PCI bridge to [bus 56]
[    0.753317] ACPI: PCI: Interrupt link LNKA configured for IRQ 0
[    0.753404] ACPI: PCI: Interrupt link LNKB configured for IRQ 1
[    0.753486] ACPI: PCI: Interrupt link LNKC configured for IRQ 0
[    0.753568] ACPI: PCI: Interrupt link LNKD configured for IRQ 0
[    0.753650] ACPI: PCI: Interrupt link LNKE configured for IRQ 0
[    0.753732] ACPI: PCI: Interrupt link LNKF configured for IRQ 0
[    0.753814] ACPI: PCI: Interrupt link LNKG configured for IRQ 0
[    0.753895] ACPI: PCI: Interrupt link LNKH configured for IRQ 0
[    0.754461] ACPI: \_SB_.PEPD: Duplicate LPS0 _DSM functions (mask: 0x1)
[    0.754462] Low-power S0 idle used by default for system suspend
[    0.760324] ACPI: EC: interrupt unblocked
[    0.760324] ACPI: EC: event unblocked
[    0.760386] ACPI: EC: EC_CMD/EC_SC=0x66, EC_DATA=0x62
[    0.760386] ACPI: EC: GPE=0x6e
[    0.760386] ACPI: \_SB_.PC00.LPCB.H_EC: Boot DSDT EC initialization complete
[    0.760386] ACPI: \_SB_.PC00.LPCB.H_EC: EC: Used to handle transactions and events
[    0.760418] iommu: Default domain type: Translated
[    0.760418] iommu: DMA domain TLB invalidation policy: lazy mode
[    0.761449] SCSI subsystem initialized
[    0.761453] libata version 3.00 loaded.
[    0.761453] ACPI: bus type USB registered
[    0.761453] usbcore: registered new interface driver usbfs
[    0.761453] usbcore: registered new interface driver hub
[    0.761453] usbcore: registered new device driver usb
[    0.761453] pps_core: LinuxPPS API ver. 1 registered
[    0.761453] pps_core: Software ver. 5.3.6 - Copyright 2005-2007 Rodolfo Giometti <giometti@linux.it>
[    0.761453] PTP clock support registered
[    0.761456] EDAC MC: Ver: 3.0.0
[    0.761531] efivars: Registered efivars operations
[    0.761575] NetLabel: Initializing
[    0.761576] NetLabel:  domain hash size = 128
[    0.761577] NetLabel:  protocols = UNLABELED CIPSOv4 CALIPSO
[    0.761589] NetLabel:  unlabeled traffic allowed by default
[    0.761592] mctp: management component transport protocol core
[    0.761592] NET: Registered PF_MCTP protocol family
[    0.761599] PCI: Using ACPI for IRQ routing
[    0.772617] PCI: pci_cache_line_size set to 64 bytes
[    0.772704] pci 0000:00:1f.5: BAR 0 [mem 0xfe010000-0xfe010fff]: can't claim; no compatible bridge window
[    0.772716] pci 0000:04:00.0: BAR 0 [mem 0x80000000-0x83ffffff]: can't claim; no compatible bridge window
[    0.772717] pci 0000:04:00.0: BAR 1 [mem 0x4000000000-0x47ffffffff 64bit pref]: can't claim; no compatible bridge window
[    0.772718] pci 0000:04:00.0: BAR 3 [mem 0x4812000000-0x4813ffffff 64bit pref]: can't claim; no compatible bridge window
[    0.772719] pci 0000:04:00.0: VF BAR 0 [mem 0x4814000000-0x481403ffff 64bit pref]: can't claim; no compatible bridge window
[    0.772720] pci 0000:04:00.0: VF BAR 2 [mem 0x4800000000-0x480fffffff 64bit pref]: can't claim; no compatible bridge window
[    0.772720] pci 0000:04:00.0: VF BAR 4 [mem 0x4810000000-0x4811ffffff 64bit pref]: can't claim; no compatible bridge window
[    0.772723] pci 0000:04:00.1: BAR 0 [mem 0x84080000-0x84083fff]: can't claim; no compatible bridge window
[    0.772793] e820: reserve RAM buffer [mem 0x0009f000-0x0009ffff]
[    0.772795] e820: reserve RAM buffer [mem 0x483a2000-0x4bffffff]
[    0.772795] e820: reserve RAM buffer [mem 0x50df1000-0x53ffffff]
[    0.772796] e820: reserve RAM buffer [mem 0x545f2000-0x57ffffff]
[    0.773410] pci 0000:00:02.0: vgaarb: setting as boot VGA device
[    0.773410] pci 0000:00:02.0: vgaarb: bridge control possible
[    0.773410] pci 0000:00:02.0: vgaarb: VGA device added: decodes=io+mem,owns=io+mem,locks=none
[    0.773410] pci 0000:04:00.0: vgaarb: bridge control possible
[    0.773410] pci 0000:04:00.0: vgaarb: VGA device added: decodes=io+mem,owns=none,locks=none
[    0.773410] vgaarb: loaded
[    0.773543] Monitor-Mwait will be used to enter C-1 state
[    0.773544] Monitor-Mwait will be used to enter C-2 state
[    0.773544] Monitor-Mwait will be used to enter C-3 state
[    0.773696] clocksource: Switched to clocksource tsc-early
[    0.774097] VFS: Disk quotas dquot_6.6.0
[    0.774102] VFS: Dquot-cache hash table entries: 512 (order 0, 4096 bytes)
[    0.774870] pnp: PnP ACPI init
[    0.775241] system 00:01: [io  0x0680-0x069f] has been reserved
[    0.775243] system 00:01: [io  0x164e-0x164f] has been reserved
[    0.775323] system 00:02: [io  0x1854-0x1857] has been reserved
[    0.775937] system 00:03: [mem 0xfedc0000-0xfedc7fff] has been reserved
[    0.775938] system 00:03: [mem 0x00000000-0x00000fff] could not be reserved
[    0.775939] system 00:03: [mem 0x00000000-0x00000fff] could not be reserved
[    0.775940] system 00:03: [mem 0xc0000000-0xcfffffff] has been reserved
[    0.775941] system 00:03: [mem 0xfed20000-0xfed7ffff] could not be reserved
[    0.775942] system 00:03: [mem 0xfc800000-0xfc81ffff] could not be reserved
[    0.775942] system 00:03: [mem 0xfed45000-0xfed8ffff] could not be reserved
[    0.775943] system 00:03: [mem 0xfee00000-0xfeefffff] could not be reserved
[    0.776856] system 00:04: [io  0x2000-0x20fe] has been reserved
[    0.777342] pnp: PnP ACPI: found 6 devices
[    0.782572] clocksource: acpi_pm: mask: 0xffffff max_cycles: 0xffffff, max_idle_ns: 2085701024 ns
[    0.782604] NET: Registered PF_INET protocol family
[    0.782798] IP idents hash table entries: 262144 (order: 9, 2097152 bytes, linear)
[    0.792394] tcp_listen_portaddr_hash hash table entries: 65536 (order: 8, 1048576 bytes, linear)
[    0.792436] Table-perturb hash table entries: 65536 (order: 6, 262144 bytes, linear)
[    0.792778] TCP established hash table entries: 524288 (order: 10, 4194304 bytes, linear)
[    0.793070] TCP bind hash table entries: 65536 (order: 9, 2097152 bytes, linear)
[    0.793115] TCP: Hash tables configured (established 524288 bind 65536)
[    0.793348] MPTCP token hash table entries: 65536 (order: 9, 1572864 bytes, linear)
[    0.793743] UDP hash table entries: 65536 (order: 10, 4194304 bytes, linear)
[    0.794278] UDP-Lite hash table entries: 65536 (order: 10, 4194304 bytes, linear)
[    0.794475] NET: Registered PF_UNIX/PF_LOCAL protocol family
[    0.794484] NET: Registered PF_XDP protocol family
[    0.794490] pci 0000:04:00.0: ROM [mem 0x84000000-0x8407ffff pref]: can't claim; no compatible bridge window
[    0.794498] pci 0000:03:00.0: bridge window [mem 0x800000000-0x1001ffffff 64bit pref] to [bus 04] add_size 12100000 add_align 800000000
[    0.794501] pci 0000:03:01.0: bridge window [io  0x1000-0x0fff] to [bus 05-11] add_size 1000
[    0.794502] pci 0000:03:02.0: bridge window [io  0x1000-0x0fff] to [bus 12-1e] add_size 1000
[    0.794503] pci 0000:03:03.0: bridge window [io  0x1000-0x0fff] to [bus 1f-2b] add_size 1000
[    0.794505] pci 0000:00:07.2: bridge window [io  0x1000-0x0fff] to [bus 2c-55] add_size 1000
[    0.794513] pci 0000:00:07.2: bridge window [io  0x4000-0x4fff]: assigned
[    0.794515] pci 0000:00:1f.5: BAR 0 [mem 0x89f00000-0x89f00fff]: assigned
[    0.794526] pci 0000:00:01.0: PCI bridge to [bus 01]
[    0.794529] pci 0000:00:01.0:   bridge window [mem 0x90300000-0x903fffff]
[    0.794535] pci 0000:03:00.0: bridge window [mem 0x4000000000-0x48140fffff 64bit pref]: assigned
[    0.794536] pci 0000:03:00.0: bridge window [mem 0x80000000-0x840fffff]: assigned
[    0.794537] pci 0000:03:01.0: bridge window [io  size 0x1000]: can't assign; no space
[    0.794538] pci 0000:03:01.0: bridge window [io  size 0x1000]: failed to assign
[    0.794539] pci 0000:03:02.0: bridge window [io  size 0x1000]: can't assign; no space
[    0.794539] pci 0000:03:02.0: bridge window [io  size 0x1000]: failed to assign
[    0.794540] pci 0000:03:03.0: bridge window [io  size 0x1000]: can't assign; no space
[    0.794540] pci 0000:03:03.0: bridge window [io  size 0x1000]: failed to assign
[    0.794541] pci 0000:03:03.0: bridge window [io  size 0x1000]: can't assign; no space
[    0.794542] pci 0000:03:03.0: bridge window [io  size 0x1000]: failed to assign
[    0.794543] pci 0000:03:02.0: bridge window [io  size 0x1000]: can't assign; no space
[    0.794543] pci 0000:03:02.0: bridge window [io  size 0x1000]: failed to assign
[    0.794544] pci 0000:03:01.0: bridge window [io  size 0x1000]: can't assign; no space
[    0.794544] pci 0000:03:01.0: bridge window [io  size 0x1000]: failed to assign
[    0.794546] pci 0000:04:00.0: BAR 1 [mem 0x4000000000-0x47ffffffff 64bit pref]: assigned
[    0.794562] pci 0000:04:00.0: VF BAR 2 [mem 0x4800000000-0x480fffffff 64bit pref]: assigned
[    0.794569] pci 0000:04:00.0: BAR 0 [mem 0x80000000-0x83ffffff]: assigned
[    0.794574] pci 0000:04:00.0: BAR 3 [mem 0x4810000000-0x4811ffffff 64bit pref]: assigned
[    0.794588] pci 0000:04:00.0: VF BAR 4 [mem 0x4812000000-0x4813ffffff 64bit pref]: assigned
[    0.794595] pci 0000:04:00.0: ROM [mem 0x84000000-0x8407ffff pref]: assigned
[    0.794596] pci 0000:04:00.0: VF BAR 0 [mem 0x4814000000-0x481403ffff 64bit pref]: assigned
[    0.794602] pci 0000:04:00.1: BAR 0 [mem 0x84080000-0x84083fff]: assigned
[    0.794607] pci 0000:03:00.0: PCI bridge to [bus 04]
[    0.794610] pci 0000:03:00.0:   bridge window [io  0x3000-0x3fff]
[    0.794615] pci 0000:03:00.0:   bridge window [mem 0x80000000-0x840fffff]
[    0.794619] pci 0000:03:00.0:   bridge window [mem 0x4000000000-0x48140fffff 64bit pref]
[    0.794627] pci 0000:03:01.0: PCI bridge to [bus 05-11]
[    0.794632] pci 0000:03:01.0:   bridge window [mem 0x88000000-0x89efffff]
[    0.794636] pci 0000:03:01.0:   bridge window [mem 0x4d69600000-0x5013ffffff 64bit pref]
[    0.794643] pci 0000:03:02.0: PCI bridge to [bus 12-1e]
[    0.794649] pci 0000:03:02.0:   bridge window [mem 0x86100000-0x87ffffff]
[    0.794653] pci 0000:03:02.0:   bridge window [mem 0x4abec00000-0x4d695fffff 64bit pref]
[    0.794660] pci 0000:03:03.0: PCI bridge to [bus 1f-2b]
[    0.794665] pci 0000:03:03.0:   bridge window [mem 0x84200000-0x860fffff]
[    0.794669] pci 0000:03:03.0:   bridge window [mem 0x4814200000-0x4abebfffff 64bit pref]
[    0.794677] pci 0000:02:00.0: PCI bridge to [bus 03-2b]
[    0.794679] pci 0000:02:00.0:   bridge window [io  0x3000-0x3fff]
[    0.794684] pci 0000:02:00.0:   bridge window [mem 0x80000000-0x89efffff]
[    0.794688] pci 0000:02:00.0:   bridge window [mem 0x4000000000-0x5013ffffff 64bit pref]
[    0.794695] pci 0000:00:07.0: PCI bridge to [bus 02-2b]
[    0.794697] pci 0000:00:07.0:   bridge window [io  0x3000-0x3fff]
[    0.794699] pci 0000:00:07.0:   bridge window [mem 0x80000000-0x89efffff]
[    0.794701] pci 0000:00:07.0:   bridge window [mem 0x4000000000-0x5013ffffff 64bit pref]
[    0.794704] pci 0000:00:07.2: PCI bridge to [bus 2c-55]
[    0.794706] pci 0000:00:07.2:   bridge window [io  0x4000-0x4fff]
[    0.794709] pci 0000:00:07.2:   bridge window [mem 0x8a000000-0x8fffffff]
[    0.794711] pci 0000:00:07.2:   bridge window [mem 0x5030000000-0x582fffffff 64bit pref]
[    0.794715] pci 0000:00:1c.0: PCI bridge to [bus 56]
[    0.794718] pci 0000:00:1c.0:   bridge window [mem 0x90000000-0x902fffff]
[    0.794722] pci_bus 0000:00: Some PCI device resources are unassigned, try booting with pci=realloc
[    0.794723] pci_bus 0000:00: resource 4 [io  0x0000-0x0cf7 window]
[    0.794724] pci_bus 0000:00: resource 5 [io  0x0d00-0xffff window]
[    0.794725] pci_bus 0000:00: resource 6 [mem 0x000a0000-0x000bffff window]
[    0.794725] pci_bus 0000:00: resource 7 [mem 0x80000000-0xbfffffff window]
[    0.794726] pci_bus 0000:00: resource 8 [mem 0x4000000000-0x3ffbfffffff window]
[    0.794727] pci_bus 0000:01: resource 1 [mem 0x90300000-0x903fffff]
[    0.794728] pci_bus 0000:02: resource 0 [io  0x3000-0x3fff]
[    0.794728] pci_bus 0000:02: resource 1 [mem 0x80000000-0x89efffff]
[    0.794729] pci_bus 0000:02: resource 2 [mem 0x4000000000-0x5013ffffff 64bit pref]
[    0.794730] pci_bus 0000:03: resource 0 [io  0x3000-0x3fff]
[    0.794730] pci_bus 0000:03: resource 1 [mem 0x80000000-0x89efffff]
[    0.794731] pci_bus 0000:03: resource 2 [mem 0x4000000000-0x5013ffffff 64bit pref]
[    0.794731] pci_bus 0000:04: resource 0 [io  0x3000-0x3fff]
[    0.794732] pci_bus 0000:04: resource 1 [mem 0x80000000-0x840fffff]
[    0.794733] pci_bus 0000:04: resource 2 [mem 0x4000000000-0x48140fffff 64bit pref]
[    0.794733] pci_bus 0000:05: resource 0 [io  size 0x1000]
[    0.794734] pci_bus 0000:05: resource 1 [mem 0x88000000-0x89efffff]
[    0.794735] pci_bus 0000:05: resource 2 [mem 0x4d69600000-0x5013ffffff 64bit pref]
[    0.794735] pci_bus 0000:12: resource 0 [io  size 0x1000]
[    0.794736] pci_bus 0000:12: resource 1 [mem 0x86100000-0x87ffffff]
[    0.794736] pci_bus 0000:12: resource 2 [mem 0x4abec00000-0x4d695fffff 64bit pref]
[    0.794737] pci_bus 0000:1f: resource 0 [io  size 0x1000]
[    0.794738] pci_bus 0000:1f: resource 1 [mem 0x84200000-0x860fffff]
[    0.794738] pci_bus 0000:1f: resource 2 [mem 0x4814200000-0x4abebfffff 64bit pref]
[    0.794739] pci_bus 0000:2c: resource 0 [io  0x4000-0x4fff]
[    0.794739] pci_bus 0000:2c: resource 1 [mem 0x8a000000-0x8fffffff]
[    0.794740] pci_bus 0000:2c: resource 2 [mem 0x5030000000-0x582fffffff 64bit pref]
[    0.794741] pci_bus 0000:56: resource 1 [mem 0x90000000-0x902fffff]
[    0.795118] pci 0000:04:00.1: extending delay after power-on from D3hot to 20 msec
[    0.795157] pci 0000:04:00.1: D0 power state depends on 0000:04:00.0
[    0.795164] PCI: CLS 64 bytes, default 64
[    0.795255] clocksource: tsc: mask: 0xffffffffffffffff max_cycles: 0x6a464ae9873, max_idle_ns: 881590529744 ns
[    0.795393] clocksource: Switched to clocksource tsc
[    0.795407] platform rtc_cmos: registered platform RTC device (no PNP device found)
[    0.795432] Trying to unpack rootfs image as initramfs...
[    0.820598] Initialise system trusted keyrings
[    0.820615] Key type blacklist registered
[    0.820830] workingset: timestamp_bits=36 max_order=25 bucket_order=0
[    0.823858] integrity: Platform Keyring initialized
[    0.823863] integrity: Machine keyring initialized
[    0.823923] cryptd: max_cpu_qlen set to 1000
[    0.829177] NET: Registered PF_ALG protocol family
[    0.829183] xor: automatically using best checksumming function   avx       
[    0.829185] Key type asymmetric registered
[    0.829185] Asymmetric key parser 'x509' registered
[    0.829721] Block layer SCSI generic (bsg) driver version 0.4 loaded (major 244)
[    0.829754] io scheduler mq-deadline registered
[    0.829756] io scheduler kyber registered
[    0.829762] io scheduler bfq registered
[    0.830178] atomic64_test: passed for x86-64 platform with CX8 and with SSE
[    0.830470] pcieport 0000:00:01.0: PME: Signaling with IRQ 120
[    0.830509] pcieport 0000:00:01.0: AER: enabled with IRQ 120
[    0.830668] pcieport 0000:00:07.0: PME: Signaling with IRQ 121
[    0.830704] pcieport 0000:00:07.0: AER: enabled with IRQ 121
[    0.830716] pcieport 0000:00:07.0: pciehp: Slot #12 AttnBtn- PwrCtrl- MRL- AttnInd- PwrInd- HotPlug+ Surprise+ Interlock- NoCompl+ IbPresDis- LLActRep+
[    0.830890] pcieport 0000:00:07.2: PME: Signaling with IRQ 122
[    0.830918] pcieport 0000:00:07.2: AER: enabled with IRQ 122
[    0.830927] pcieport 0000:00:07.2: pciehp: Slot #14 AttnBtn- PwrCtrl- MRL- AttnInd- PwrInd- HotPlug+ Surprise+ Interlock- NoCompl+ IbPresDis- LLActRep+
[    0.831077] pcieport 0000:00:1c.0: PME: Signaling with IRQ 123
[    0.831103] pcieport 0000:00:1c.0: AER: enabled with IRQ 123
[    0.831318] pcieport 0000:03:00.0: enabling device (0001 -> 0003)
[    0.831632] pcieport 0000:03:01.0: pciehp: Slot #1 AttnBtn- PwrCtrl- MRL- AttnInd- PwrInd- HotPlug+ Surprise+ Interlock- NoCompl+ IbPresDis- LLActRep+
[    0.831853] pcieport 0000:03:02.0: pciehp: Slot #2 AttnBtn- PwrCtrl- MRL- AttnInd- PwrInd- HotPlug+ Surprise+ Interlock- NoCompl+ IbPresDis- LLActRep+
[    0.832078] pcieport 0000:03:03.0: pciehp: Slot #3 AttnBtn- PwrCtrl- MRL- AttnInd- PwrInd- HotPlug+ Surprise+ Interlock- NoCompl+ IbPresDis- LLActRep+
[    0.832347] input: Sleep Button as /devices/LNXSYSTM:00/LNXSYBUS:00/PNP0C0E:00/input/input0
[    0.832369] ACPI: button: Sleep Button [SLPB]
[    0.832383] input: Power Button as /devices/LNXSYSTM:00/LNXSYBUS:00/PNP0C0C:00/input/input1
[    0.832392] ACPI: button: Power Button [PWRB]
[    0.832405] input: Power Button as /devices/LNXSYSTM:00/LNXPWRBN:00/input/input2
[    0.832650] ACPI: button: Power Button [PWRF]
[    0.840919] ACPI: thermal: [Firmware Bug]: Invalid critical threshold (-274000)
[    0.840966] thermal LNXTHERM:00: registered as thermal_zone0
[    0.840968] ACPI: thermal: Thermal Zone [TZ0] (40 C)
[    0.841192] thermal LNXTHERM:01: registered as thermal_zone1
[    0.841193] ACPI: thermal: Thermal Zone [TZ00] (83 C)
[    0.841427] Serial: 8250/16550 driver, 32 ports, IRQ sharing enabled
[    0.842304] serial 0000:00:12.0: enabling device (0000 -> 0002)
[    0.842593] hpet_acpi_add: no address or irqs in _CRS
[    0.842617] Non-volatile memory driver v1.3
[    0.842619] Linux agpgart interface v0.103
[    0.863179] ACPI: bus type drm_connector registered
[    0.867862] CAN device driver interface
[    0.867931] xhci_hcd 0000:00:0d.0: xHCI Host Controller
[    0.867945] xhci_hcd 0000:00:0d.0: new USB bus registered, assigned bus number 1
[    0.869016] xhci_hcd 0000:00:0d.0: hcc params 0x20007fc1 hci version 0x120 quirks 0x0000000200009810
[    0.869251] xhci_hcd 0000:00:0d.0: xHCI Host Controller
[    0.869350] xhci_hcd 0000:00:0d.0: new USB bus registered, assigned bus number 2
[    0.869351] xhci_hcd 0000:00:0d.0: Host supports USB 3.2 Enhanced SuperSpeed
[    0.869386] usb usb1: New USB device found, idVendor=1d6b, idProduct=0002, bcdDevice= 6.19
[    0.869388] usb usb1: New USB device strings: Mfr=3, Product=2, SerialNumber=1
[    0.869389] usb usb1: Product: xHCI Host Controller
[    0.869389] usb usb1: Manufacturer: Linux 6.19.14-200.fc43.x86_64 xhci-hcd
[    0.869390] usb usb1: SerialNumber: 0000:00:0d.0
[    0.869552] hub 1-0:1.0: USB hub found
[    0.869560] hub 1-0:1.0: 1 port detected
[    0.869719] usb usb2: New USB device found, idVendor=1d6b, idProduct=0003, bcdDevice= 6.19
[    0.869720] usb usb2: New USB device strings: Mfr=3, Product=2, SerialNumber=1
[    0.869721] usb usb2: Product: xHCI Host Controller
[    0.869722] usb usb2: Manufacturer: Linux 6.19.14-200.fc43.x86_64 xhci-hcd
[    0.869722] usb usb2: SerialNumber: 0000:00:0d.0
[    0.869766] hub 2-0:1.0: USB hub found
[    0.869773] hub 2-0:1.0: 4 ports detected
[    0.871506] xhci_hcd 0000:00:14.0: xHCI Host Controller
[    0.871580] xhci_hcd 0000:00:14.0: new USB bus registered, assigned bus number 3
[    0.872649] xhci_hcd 0000:00:14.0: hcc params 0x20007fc1 hci version 0x120 quirks 0x0000000200009810
[    0.872862] xhci_hcd 0000:00:14.0: xHCI Host Controller
[    0.872937] xhci_hcd 0000:00:14.0: new USB bus registered, assigned bus number 4
[    0.872938] xhci_hcd 0000:00:14.0: Host supports USB 3.2 Enhanced SuperSpeed
[    0.872958] usb usb3: New USB device found, idVendor=1d6b, idProduct=0002, bcdDevice= 6.19
[    0.872960] usb usb3: New USB device strings: Mfr=3, Product=2, SerialNumber=1
[    0.872960] usb usb3: Product: xHCI Host Controller
[    0.872961] usb usb3: Manufacturer: Linux 6.19.14-200.fc43.x86_64 xhci-hcd
[    0.872961] usb usb3: SerialNumber: 0000:00:14.0
[    0.873009] hub 3-0:1.0: USB hub found
[    0.873021] hub 3-0:1.0: 12 ports detected
[    0.874663] usb usb4: New USB device found, idVendor=1d6b, idProduct=0003, bcdDevice= 6.19
[    0.874664] usb usb4: New USB device strings: Mfr=3, Product=2, SerialNumber=1
[    0.874665] usb usb4: Product: xHCI Host Controller
[    0.874666] usb usb4: Manufacturer: Linux 6.19.14-200.fc43.x86_64 xhci-hcd
[    0.874666] usb usb4: SerialNumber: 0000:00:14.0
[    0.874814] hub 4-0:1.0: USB hub found
[    0.874820] hub 4-0:1.0: 2 ports detected
[    0.875097] usbcore: registered new interface driver usbserial_generic
[    0.875100] usbserial: USB Serial support registered for generic
[    0.875116] i8042: PNP: No PS/2 controller found.
[    0.875263] mousedev: PS/2 mouse device common for all mice
[    0.875320] rtc_cmos rtc_cmos: RTC can wake from S4
[    0.876038] rtc_cmos rtc_cmos: registered as rtc0
[    0.876172] rtc_cmos rtc_cmos: setting system clock to 2026-05-10T14:17:23 UTC (1778422643)
[    0.876194] rtc_cmos rtc_cmos: alarms up to one month, y3k, 114 bytes nvram
[    0.878223] device-mapper: core: CONFIG_IMA_DISABLE_HTABLE is disabled. Duplicate IMA measurements will not be recorded in the IMA log.
[    0.878230] device-mapper: uevent: version 1.0.3
[    0.878273] device-mapper: ioctl: 4.50.0-ioctl (2025-04-28) initialised: dm-devel@lists.linux.dev
[    0.878418] intel_pstate: Intel P-state driver initializing
[    0.883330] Hybrid CPU capacity scaling enabled
[    0.883357] processor cpu0: EM: created perf domain
[    0.883372] processor cpu1: EM: created perf domain
[    0.883384] processor cpu2: EM: created perf domain
[    0.883396] processor cpu3: EM: created perf domain
[    0.883408] processor cpu4: EM: created perf domain
[    0.883421] processor cpu5: EM: created perf domain
[    0.883433] processor cpu6: EM: created perf domain
[    0.883450] processor cpu7: EM: created perf domain
[    0.883464] processor cpu8: EM: created perf domain
[    0.883477] processor cpu9: EM: created perf domain
[    0.883492] processor cpu10: EM: created perf domain
[    0.883507] processor cpu11: EM: created perf domain
[    0.883520] processor cpu12: EM: created perf domain
[    0.883537] processor cpu13: EM: created perf domain
[    0.883551] processor cpu14: EM: created perf domain
[    0.883564] processor cpu15: EM: created perf domain
[    0.883677] intel_pstate: HWP enabled
[    0.883946] simple-framebuffer simple-framebuffer.0: [drm] Registered 1 planes with drm panic
[    0.883965] [drm] Initialized simpledrm 1.0.0 for simple-framebuffer.0 on minor 0
[    0.884387] fbcon: Deferring console take-over
[    0.884388] simple-framebuffer simple-framebuffer.0: [drm] fb0: simpledrmdrmfb frame buffer device
[    0.884433] hid: raw HID events driver (C) Jiri Kosina
[    0.884457] usbcore: registered new interface driver usbhid
[    0.884458] usbhid: USB HID core driver
[    0.884551] drop_monitor: Initializing network drop monitor service
[    0.884608] Initializing XFRM netlink socket
[    0.884622] NET: Registered PF_INET6 protocol family
[    0.884855] Segment Routing with IPv6
[    0.884856] RPL Segment Routing with IPv6
[    0.884861] In-situ OAM (IOAM) with IPv6
[    0.884872] mip6: Mobile IPv6
[    0.884874] NET: Registered PF_PACKET protocol family
[    0.884875] can: controller area network core
[    0.884884] NET: Registered PF_CAN protocol family
[    0.889793] ENERGY_PERF_BIAS: Set to 'normal', was 'performance'
[    0.890340] microcode: Current revision: 0x0000011b
[    0.891969] IPI shorthand broadcast: enabled
[    0.893022] sched_clock: Marking stable (886001617, 6120078)->(911688046, -19566351)
[    0.893800] registered taskstats version 1
[    0.895549] Loading compiled-in X.509 certificates
[    0.896473] Loaded X.509 cert 'Fedora kernel signing key: 88b80e08bfa3c7a8597e235adbf6de56f0ca4439'
[    0.906612] Freeing initrd memory: 51368K
[    0.918662] Loaded X.509 cert 'Fedora IMA CA: a8a00c31663f853f9c6ff2564872e378af026b28'
[    0.923717] Demotion targets for Node 0: null
[    0.923726] page_owner is disabled
[    0.923940] Key type .fscrypt registered
[    0.923942] Key type fscrypt-provisioning registered
[    0.924383] Btrfs loaded, zoned=yes, fsverity=yes
[    0.924415] Key type big_key registered
[    0.924418] Key type trusted registered
[    0.925525] Key type encrypted registered
[    0.925535] Loading compiled-in module X.509 certificates
[    0.926129] Loaded X.509 cert 'Fedora kernel signing key: 88b80e08bfa3c7a8597e235adbf6de56f0ca4439'
[    0.926193] ima: Allocated hash algorithm: sha256
[    0.946408] ima: No architecture policies found
[    0.946435] evm: Initialising EVM extended attributes:
[    0.946437] evm: security.selinux
[    0.946438] evm: security.SMACK64 (disabled)
[    0.946439] evm: security.SMACK64EXEC (disabled)
[    0.946440] evm: security.SMACK64TRANSMUTE (disabled)
[    0.946441] evm: security.SMACK64MMAP (disabled)
[    0.946441] evm: security.apparmor (disabled)
[    0.946442] evm: security.ima
[    0.946443] evm: security.capability
[    0.946444] evm: HMAC attrs: 0x1
[    0.947233] integrity: Loading X.509 certificate: UEFI:db
[    0.947841] integrity: Loaded X.509 cert 'ASUS UEFI SW Key Certificate: b0fa6680874410ba479208b6268c10e4'
[    0.947845] integrity: Loading X.509 certificate: UEFI:db
[    0.947870] integrity: Loaded X.509 cert 'Microsoft Corporation UEFI CA 2011: 13adbf4309bd82709c8cd54f316ed522988a1bd4'
[    0.947871] integrity: Loading X.509 certificate: UEFI:db
[    0.947884] integrity: Loaded X.509 cert 'Microsoft Windows Production PCA 2011: a92902398e16c49778cd90f99e4f9ae17c55af53'
[    0.947886] integrity: Loading X.509 certificate: UEFI:db
[    0.947897] integrity: Loaded X.509 cert 'Microsoft Corporation: Windows UEFI CA 2023: aefc5fbbbe055d8f8daa585473499417ab5a5272'
[    0.947899] integrity: Loading X.509 certificate: UEFI:db
[    0.947908] integrity: Loaded X.509 cert 'Microsoft Option ROM UEFI CA 2023: 514fbf937fa46fb57bf07af8bed84b3b864b1711'
[    0.947909] integrity: Loading X.509 certificate: UEFI:db
[    0.947918] integrity: Loaded X.509 cert 'Microsoft UEFI CA 2023: 81aa6b3244c935bce0d6628af39827421e32497d'
[    0.950169] alg: No test for 842 (842-scomp)
[    0.951508] PM:   Magic number: 10:947:282
[    0.951552] tty tty19: hash matches
[    0.952923] RAS: Correctable Errors collector initialized.
[    0.959297] clk: Disabling unused clocks
[    0.959299] PM: genpd: Disabling unused power domains
[    0.972017] Freeing unused decrypted memory: 2028K
[    0.972756] Freeing unused kernel image (initmem) memory: 5200K
[    0.972779] Write protecting the kernel read-only data: 43008k
[    0.973449] Freeing unused kernel image (text/rodata gap) memory: 1972K
[    0.973598] Freeing unused kernel image (rodata/data gap) memory: 580K
[    0.977664] x86/mm: Checked W+X mappings: passed, no W+X pages found.
[    0.977673] Run /init as init process
[    0.977674]   with arguments:
[    0.977674]     /init
[    0.977675]     rhgb
[    0.977675]   with environment:
[    0.977676]     HOME=/
[    0.977676]     TERM=linux
[    1.006329] systemd[1]: Successfully made /usr/ read-only.
[    1.006554] systemd[1]: systemd 258.7-1.fc43 running in system mode (+PAM +AUDIT +SELINUX -APPARMOR +IMA +IPE +SMACK +SECCOMP -GCRYPT +GNUTLS +OPENSSL +ACL +BLKID +CURL +ELFUTILS +FIDO2 +IDN2 -IDN -IPTC +KMOD +LIBCRYPTSETUP +LIBCRYPTSETUP_PLUGINS +LIBFDISK +PCRE2 +PWQUALITY +P11KIT +QRENCODE +TPM2 +BZIP2 +LZ4 +XZ +ZLIB +ZSTD +BPF_FRAMEWORK +BTF +XKBCOMMON +UTMP +SYSVINIT +LIBARCHIVE)
[    1.006558] systemd[1]: Detected architecture x86-64.
[    1.006559] systemd[1]: Running in initrd.
[    1.006694] systemd[1]: Hostname set to <obpc>.
[    1.075943] systemd[1]: bpf-restrict-fs: LSM BPF program attached
[    1.099054] systemd[1]: Queued start job for default target initrd.target.
[    1.107332] systemd[1]: Expecting device dev-disk-by\x2duuid-34e34fc2\x2d47b6\x2d41bd\x2db739\x2d8a1c79788cb2.device - /dev/disk/by-uuid/34e34fc2-47b6-41bd-b739-8a1c79788cb2...
[    1.107363] systemd[1]: Reached target initrd-usr-fs.target - Initrd /usr File System.
[    1.107376] systemd[1]: Reached target slices.target - Slice Units.
[    1.107385] systemd[1]: Reached target swap.target - Swaps.
[    1.107392] systemd[1]: Reached target timers.target - Timer Units.
[    1.107442] systemd[1]: Listening on systemd-journald-dev-log.socket - Journal Socket (/dev/log).
[    1.107477] systemd[1]: Listening on systemd-journald.socket - Journal Sockets.
[    1.107506] systemd[1]: Listening on systemd-udevd-control.socket - udev Control Socket.
[    1.107526] systemd[1]: Listening on systemd-udevd-kernel.socket - udev Kernel Socket.
[    1.107533] systemd[1]: Reached target sockets.target - Socket Units.
[    1.108016] systemd[1]: Starting kmod-static-nodes.service - Create List of Static Device Nodes...
[    1.108039] systemd[1]: memstrack.service - Memstrack Anylazing Service skipped, no trigger condition checks were met.
[    1.109492] systemd[1]: Starting systemd-journald.service - Journal Service...
[    1.109865] systemd[1]: Starting systemd-modules-load.service - Load Kernel Modules...
[    1.109883] systemd[1]: systemd-pcrphase-initrd.service - TPM PCR Barrier (initrd) skipped, unmet condition check ConditionSecurity=measured-uki
[    1.110162] systemd[1]: Starting systemd-vconsole-setup.service - Virtual Console Setup...
[    1.110407] systemd[1]: Finished kmod-static-nodes.service - Create List of Static Device Nodes.
[    1.110757] systemd[1]: Starting systemd-tmpfiles-setup-dev-early.service - Create Static Device Nodes in /dev gracefully...
[    1.117194] systemd-journald[309]: Collecting audit messages is disabled.
[    1.117625] systemd[1]: Finished systemd-tmpfiles-setup-dev-early.service - Create Static Device Nodes in /dev gracefully.
[    1.118115] systemd[1]: Starting systemd-sysusers.service - Create System Users...
[    1.122646] systemd[1]: Finished systemd-sysusers.service - Create System Users.
[    1.123007] systemd[1]: Starting systemd-tmpfiles-setup-dev.service - Create Static Device Nodes in /dev...
[    1.125819] fuse: init (API version 7.45)
[    1.127903] i2c_dev: i2c /dev entries driver
[    1.128249] systemd[1]: Finished systemd-modules-load.service - Load Kernel Modules.
[    1.128619] systemd[1]: Starting systemd-sysctl.service - Apply Kernel Variables...
[    1.130187] systemd[1]: Finished systemd-tmpfiles-setup-dev.service - Create Static Device Nodes in /dev.
[    1.130245] systemd[1]: Reached target local-fs-pre.target - Preparation for Local File Systems.
[    1.130253] systemd[1]: Reached target local-fs.target - Local File Systems.
[    1.132357] systemd[1]: Finished systemd-sysctl.service - Apply Kernel Variables.
[    1.132779] systemd[1]: Finished systemd-vconsole-setup.service - Virtual Console Setup.
[    1.133114] systemd[1]: Starting dracut-cmdline-ask.service - dracut ask for additional cmdline parameters...
[    1.141534] systemd[1]: Finished dracut-cmdline-ask.service - dracut ask for additional cmdline parameters.
[    1.141933] systemd[1]: Starting dracut-cmdline.service - dracut cmdline hook...
[    1.149994] systemd[1]: Started systemd-journald.service - Journal Service.
[    1.178134] usb 3-1: new high-speed USB device number 2 using xhci_hcd
[    1.198154] usb 2-1: new SuperSpeed Plus Gen 2x2 USB device number 2 using xhci_hcd
[    1.209557] usb 2-1: New USB device found, idVendor=8087, idProduct=5787, bcdDevice= 0.00
[    1.209559] usb 2-1: New USB device strings: Mfr=1, Product=2, SerialNumber=0
[    1.209560] usb 2-1: Product: USB3 HUB
[    1.209561] usb 2-1: Manufacturer: Intel Corporation
[    1.210224] hub 2-1:1.0: USB hub found
[    1.210260] hub 2-1:1.0: 4 ports detected
[    1.328411] intel_vsec 0000:00:0a.0: enabling device (0000 -> 0002)
[    1.341253] intel_vpu 0000:00:0b.0: enabling device (0000 -> 0002)
[    1.346124] Key type psk registered
[    1.349226] ACPI: bus type thunderbolt registered
[    1.349435] thunderbolt:nhi_probe:1366: thunderbolt 0000:00:0d.2: total paths: 12
[    1.349441] thunderbolt:nhi_check_iommu:1230: thunderbolt 0000:00:0d.2: IOMMU DMA protection is disabled
[    1.351595] thunderbolt:tb_ring_alloc:587: thunderbolt 0000:00:0d.2: allocating TX ring 0 of size 10
[    1.351613] thunderbolt:tb_ring_alloc:587: thunderbolt 0000:00:0d.2: allocating RX ring 0 of size 10
[    1.351629] thunderbolt:tb_ctl_alloc:690: thunderbolt 0000:00:0d.2: control channel created
[    1.351631] thunderbolt:tb_probe:3388: thunderbolt 0000:00:0d.2: using software connection manager
[    1.352391] thunderbolt:tb_acpi_add_link:65: thunderbolt 0000:00:0d.2: created link from 0000:00:07.0
[    1.352458] thunderbolt:nhi_probe:1402: thunderbolt 0000:00:0d.2: NHI initialized, starting thunderbolt
[    1.352459] thunderbolt:tb_ctl_start:733: thunderbolt 0000:00:0d.2: control channel starting...
[    1.352460] thunderbolt:tb_ring_start:700: thunderbolt 0000:00:0d.2: starting TX ring 0
[    1.352463] thunderbolt:ring_interrupt_active:142: thunderbolt 0000:00:0d.2: enabling interrupt at register 0x38200 bit 0 (0x0 -> 0x1)
[    1.352464] thunderbolt:tb_ring_start:700: thunderbolt 0000:00:0d.2: starting RX ring 0
[    1.352468] thunderbolt:ring_interrupt_active:142: thunderbolt 0000:00:0d.2: enabling interrupt at register 0x38200 bit 12 (0x1 -> 0x1001)
[    1.352471] thunderbolt:tb_domain_add:456: thunderbolt 0000:00:0d.2: security level set to user
[    1.353328] thunderbolt:tb_switch_alloc:2488: thunderbolt 0000:00:0d.2: current switch config:
[    1.353331] thunderbolt:tb_dump_switch:1570: thunderbolt 0000:00:0d.2:  USB4 Switch: 8087:7ec2 (Revision: 16, TB Version: 32)
[    1.353333] thunderbolt:tb_dump_switch:1573: thunderbolt 0000:00:0d.2:   Max Port Number: 13
[    1.353334] thunderbolt:tb_dump_switch:1574: thunderbolt 0000:00:0d.2:   Config:
[    1.353335] thunderbolt:tb_dump_switch:1575: thunderbolt 0000:00:0d.2:    Upstream Port Number: 7 Depth: 0 Route String: 0x0 Enabled: 1, PlugEventsDelay: 254ms
[    1.353336] thunderbolt:tb_dump_switch:1580: thunderbolt 0000:00:0d.2:    unknown1: 0x0 unknown4: 0x0
[    1.357667] thunderbolt:tb_switch_configure:2618: thunderbolt 0000:00:0d.2: initializing Switch at 0x0 (depth: 0, up port: 7)
[    1.359180] thunderbolt:usb4_switch_credits_init:780: thunderbolt 0000:00:0d.2: 0: credit allocation parameters:
[    1.359182] thunderbolt:usb4_switch_credits_init:790: thunderbolt 0000:00:0d.2: 0:  USB3: 32
[    1.359183] thunderbolt:usb4_switch_credits_init:794: thunderbolt 0000:00:0d.2: 0:  DP AUX: 1
[    1.359183] thunderbolt:usb4_switch_credits_init:798: thunderbolt 0000:00:0d.2: 0:  DP main: 0
[    1.359184] thunderbolt:usb4_switch_credits_init:802: thunderbolt 0000:00:0d.2: 0:  PCIe: 64
[    1.359184] thunderbolt:usb4_switch_credits_init:806: thunderbolt 0000:00:0d.2: 0:  DMA: 14
[    1.360689] nvme 0000:01:00.0: platform quirk: setting simple suspend
[    1.360780] nvme nvme0: pci function 0000:01:00.0
[    1.361692] thunderbolt:tb_drom_parse:640: thunderbolt 0000:00:0d.2: 0: DROM version: 3
[    1.362014] thunderbolt:tb_switch_add:3321: thunderbolt 0000:00:0d.2: 0: uid: 0x3bfd66308087d761
[    1.363684] thunderbolt:tb_dump_port:449: thunderbolt 0000:00:0d.2:  Port 1: 8087:15ea (Revision: 0, TB Version: 1, Type: Port (0x1))
[    1.363687] thunderbolt:tb_dump_port:454: thunderbolt 0000:00:0d.2:   Max hop id (in/out): 19/19
[    1.363688] thunderbolt:tb_dump_port:456: thunderbolt 0000:00:0d.2:   Max counters: 16
[    1.363688] thunderbolt:tb_dump_port:457: thunderbolt 0000:00:0d.2:   NFC Credits: 0x47800000
[    1.363689] thunderbolt:tb_dump_port:458: thunderbolt 0000:00:0d.2:   Credits (total/control): 120/2
[    1.363720] intel_vpu 0000:00:0b.0: [drm] Firmware: intel/vpu/vpu_37xx_v1.bin, version: 20260305*MTL_CLIENT_SILICON-NVR+NN-deployment*dbda783919b77553afe5576a59881bca37fb6d7b*dbda783919b77553afe5576a59881bca37fb6d7b*dbda783919b
[    1.363723] intel_vpu 0000:00:0b.0: [drm] Scheduler mode: HW
[    1.365520] thunderbolt:tb_dump_port:449: thunderbolt 0000:00:0d.2:  Port 2: 8087:15ea (Revision: 0, TB Version: 1, Type: Port (0x1))
[    1.365522] thunderbolt:tb_dump_port:454: thunderbolt 0000:00:0d.2:   Max hop id (in/out): 19/19
[    1.365523] thunderbolt:tb_dump_port:456: thunderbolt 0000:00:0d.2:   Max counters: 16
[    1.365523] thunderbolt:tb_dump_port:457: thunderbolt 0000:00:0d.2:   NFC Credits: 0x80000000
[    1.365524] thunderbolt:tb_dump_port:458: thunderbolt 0000:00:0d.2:   Credits (total/control): 0/2
[    1.366447] nvme nvme0: D3 entry latency set to 10 seconds
[    1.367195] thunderbolt:tb_dump_port:449: thunderbolt 0000:00:0d.2:  Port 3: 8087:15ea (Revision: 0, TB Version: 1, Type: Port (0x1))
[    1.367203] thunderbolt:tb_dump_port:454: thunderbolt 0000:00:0d.2:   Max hop id (in/out): 19/19
[    1.367206] thunderbolt:tb_dump_port:456: thunderbolt 0000:00:0d.2:   Max counters: 16
[    1.367207] thunderbolt:tb_dump_port:457: thunderbolt 0000:00:0d.2:   NFC Credits: 0x83c00000
[    1.367209] thunderbolt:tb_dump_port:458: thunderbolt 0000:00:0d.2:   Credits (total/control): 60/2
[    1.369028] thunderbolt:tb_dump_port:449: thunderbolt 0000:00:0d.2:  Port 4: 8087:15ea (Revision: 0, TB Version: 1, Type: Port (0x1))
[    1.369031] thunderbolt:tb_dump_port:454: thunderbolt 0000:00:0d.2:   Max hop id (in/out): 19/19
[    1.369033] thunderbolt:tb_dump_port:456: thunderbolt 0000:00:0d.2:   Max counters: 16
[    1.369035] thunderbolt:tb_dump_port:457: thunderbolt 0000:00:0d.2:   NFC Credits: 0x83c00000
[    1.369036] thunderbolt:tb_dump_port:458: thunderbolt 0000:00:0d.2:   Credits (total/control): 60/2
[    1.369203] nvme nvme0: 16/0/0 default/read/poll queues
[    1.369362] thunderbolt:tb_dump_port:449: thunderbolt 0000:00:0d.2:  Port 5: 8087:15ea (Revision: 0, TB Version: 1, Type: DP/HDMI (0xe0101))
[    1.369365] thunderbolt:tb_dump_port:454: thunderbolt 0000:00:0d.2:   Max hop id (in/out): 9/9
[    1.369366] thunderbolt:tb_dump_port:456: thunderbolt 0000:00:0d.2:   Max counters: 2
[    1.369368] thunderbolt:tb_dump_port:457: thunderbolt 0000:00:0d.2:   NFC Credits: 0x100000d
[    1.369369] thunderbolt:tb_dump_port:458: thunderbolt 0000:00:0d.2:   Credits (total/control): 16/0
[    1.369696] thunderbolt:tb_dump_port:449: thunderbolt 0000:00:0d.2:  Port 6: 8087:15ea (Revision: 0, TB Version: 1, Type: DP/HDMI (0xe0101))
[    1.369698] thunderbolt:tb_dump_port:454: thunderbolt 0000:00:0d.2:   Max hop id (in/out): 9/9
[    1.369699] thunderbolt:tb_dump_port:456: thunderbolt 0000:00:0d.2:   Max counters: 2
[    1.369701] thunderbolt:tb_dump_port:457: thunderbolt 0000:00:0d.2:   NFC Credits: 0x100000d
[    1.369702] thunderbolt:tb_dump_port:458: thunderbolt 0000:00:0d.2:   Credits (total/control): 16/0
[    1.370784] thunderbolt:tb_dump_port:449: thunderbolt 0000:00:0d.2:  Port 7: 8086:15ea (Revision: 0, TB Version: 1, Type: NHI (0x2))
[    1.370787] thunderbolt:tb_dump_port:454: thunderbolt 0000:00:0d.2:   Max hop id (in/out): 11/11
[    1.370788] thunderbolt:tb_dump_port:456: thunderbolt 0000:00:0d.2:   Max counters: 16
[    1.370789] thunderbolt:tb_dump_port:457: thunderbolt 0000:00:0d.2:   NFC Credits: 0x1c00000
[    1.370791] thunderbolt:tb_dump_port:458: thunderbolt 0000:00:0d.2:   Credits (total/control): 28/0
[    1.371990]  nvme0n1: p1 p2 p3 p4 p5 p6
[    1.372997] thunderbolt:tb_dump_port:449: thunderbolt 0000:00:0d.2:  Port 8: 8087:15ea (Revision: 0, TB Version: 1, Type: PCIe (0x100101))
[    1.372999] thunderbolt:tb_dump_port:454: thunderbolt 0000:00:0d.2:   Max hop id (in/out): 8/8
[    1.373001] thunderbolt:tb_dump_port:456: thunderbolt 0000:00:0d.2:   Max counters: 2
[    1.373002] thunderbolt:tb_dump_port:457: thunderbolt 0000:00:0d.2:   NFC Credits: 0x800000
[    1.373004] thunderbolt:tb_dump_port:458: thunderbolt 0000:00:0d.2:   Credits (total/control): 8/0
[    1.373333] thunderbolt:tb_dump_port:449: thunderbolt 0000:00:0d.2:  Port 9: 8087:15ea (Revision: 0, TB Version: 1, Type: PCIe (0x100101))
[    1.373335] thunderbolt:tb_dump_port:454: thunderbolt 0000:00:0d.2:   Max hop id (in/out): 8/8
[    1.373337] thunderbolt:tb_dump_port:456: thunderbolt 0000:00:0d.2:   Max counters: 2
[    1.373338] thunderbolt:tb_dump_port:457: thunderbolt 0000:00:0d.2:   NFC Credits: 0x800000
[    1.373339] thunderbolt:tb_dump_port:458: thunderbolt 0000:00:0d.2:   Credits (total/control): 8/0
[    1.373474] thunderbolt:tb_init_port:717: thunderbolt 0000:00:0d.2:  Port 10: not implemented
[    1.373620] thunderbolt:tb_init_port:717: thunderbolt 0000:00:0d.2:  Port 11: not implemented
[    1.373954] thunderbolt:tb_dump_port:449: thunderbolt 0000:00:0d.2:  Port 12: 8087:0 (Revision: 0, TB Version: 1, Type: USB (0x200101))
[    1.373957] thunderbolt:tb_dump_port:454: thunderbolt 0000:00:0d.2:   Max hop id (in/out): 8/8
[    1.373959] thunderbolt:tb_dump_port:456: thunderbolt 0000:00:0d.2:   Max counters: 2
[    1.373960] thunderbolt:tb_dump_port:457: thunderbolt 0000:00:0d.2:   NFC Credits: 0x800000
[    1.373961] thunderbolt:tb_dump_port:458: thunderbolt 0000:00:0d.2:   Credits (total/control): 8/0
[    1.374288] thunderbolt:tb_dump_port:449: thunderbolt 0000:00:0d.2:  Port 13: 8087:0 (Revision: 0, TB Version: 1, Type: USB (0x200101))
[    1.374291] thunderbolt:tb_dump_port:454: thunderbolt 0000:00:0d.2:   Max hop id (in/out): 8/8
[    1.374292] thunderbolt:tb_dump_port:456: thunderbolt 0000:00:0d.2:   Max counters: 2
[    1.374293] thunderbolt:tb_dump_port:457: thunderbolt 0000:00:0d.2:   NFC Credits: 0x800000
[    1.374295] thunderbolt:tb_dump_port:458: thunderbolt 0000:00:0d.2:   Credits (total/control): 8/0
[    1.374297] thunderbolt:tb_check_quirks:134: thunderbolt 0000:00:0d.2: 0: running quirk_usb3_maximum_bandwidth [thunderbolt]
[    1.374346] thunderbolt:quirk_usb3_maximum_bandwidth:41: thunderbolt 0000:00:0d.2: 0:12: USB3 maximum bandwidth limited to 16376 Mb/s
[    1.374349] thunderbolt:quirk_usb3_maximum_bandwidth:41: thunderbolt 0000:00:0d.2: 0:13: USB3 maximum bandwidth limited to 16376 Mb/s
[    1.374351] thunderbolt:tb_switch_default_link_ports:2844: thunderbolt 0000:00:0d.2: 0: linked ports 1 <-> 2
[    1.374353] thunderbolt:tb_switch_default_link_ports:2844: thunderbolt 0000:00:0d.2: 0: linked ports 3 <-> 4
[    1.383226] thunderbolt:tmu_mode_init:364: thunderbolt 0000:00:0d.2: 0: TMU: supports uni-directional mode
[    1.383389] thunderbolt:tb_switch_tmu_init:435: thunderbolt 0000:00:0d.2: 0: TMU: current mode: off
[    1.389966] thunderbolt:tb_switch_tmu_configure:1066: thunderbolt 0000:00:0d.2: 0: TMU: mode change off -> uni-directional, LowRes requested
[    1.390653] thunderbolt:tb_switch_tmu_enable:1014: thunderbolt 0000:00:0d.2: 0: TMU: mode set to: uni-directional, LowRes
[    1.391153] thunderbolt:tb_wait_for_port:537: thunderbolt 0000:00:0d.2: 0:1: is connected, link is up (state: 2)
[    1.391827] thunderbolt:tb_switch_alloc:2488: thunderbolt 0000:00:0d.2: current switch config:
[    1.391828] thunderbolt:tb_dump_switch:1570: thunderbolt 0000:00:0d.2:  USB4 Switch: 8087:5786 (Revision: 133, TB Version: 64)
[    1.391830] thunderbolt:tb_dump_switch:1573: thunderbolt 0000:00:0d.2:   Max Port Number: 23
[    1.391830] thunderbolt:tb_dump_switch:1574: thunderbolt 0000:00:0d.2:   Config:
[    1.391831] thunderbolt:tb_dump_switch:1575: thunderbolt 0000:00:0d.2:    Upstream Port Number: 1 Depth: 1 Route String: 0x1 Enabled: 1, PlugEventsDelay: 254ms
[    1.391832] thunderbolt:tb_dump_switch:1580: thunderbolt 0000:00:0d.2:    unknown1: 0x0 unknown4: 0x0
[    1.395832] thunderbolt:tb_switch_configure:2618: thunderbolt 0000:00:0d.2: initializing Switch at 0x1 (depth: 1, up port: 1)
[    1.396331] thunderbolt:usb4_switch_setup:260: thunderbolt 0000:00:0d.2: 1: link: USB4
[    1.396332] thunderbolt:usb4_switch_setup:265: thunderbolt 0000:00:0d.2: 1: TBT3 support: yes, xHCI: no
[    1.398188] thunderbolt:usb4_switch_credits_init:780: thunderbolt 0000:00:0d.2: 1: credit allocation parameters:
[    1.398194] thunderbolt:usb4_switch_credits_init:790: thunderbolt 0000:00:0d.2: 1:  USB3: 20
[    1.398197] thunderbolt:usb4_switch_credits_init:794: thunderbolt 0000:00:0d.2: 1:  DP AUX: 1
[    1.398199] thunderbolt:usb4_switch_credits_init:798: thunderbolt 0000:00:0d.2: 1:  DP main: 6
[    1.398201] thunderbolt:usb4_switch_credits_init:802: thunderbolt 0000:00:0d.2: 1:  PCIe: 76
[    1.398202] thunderbolt:usb4_switch_credits_init:810: thunderbolt 0000:00:0d.2: 1:  unknown credit allocation index 0x0, skipping
[    1.403352] thunderbolt:tb_drom_parse:640: thunderbolt 0000:00:0d.2: 1: DROM version: 1
[    1.405861] thunderbolt:tb_switch_add:3321: thunderbolt 0000:00:0d.2: 1: uid: 0xe87ca900808714c4
[    1.407529] thunderbolt:tb_dump_port:449: thunderbolt 0000:00:0d.2:  Port 1: 0:5780 (Revision: 0, TB Version: 1, Type: Port (0x1))
[    1.407539] thunderbolt:tb_dump_port:454: thunderbolt 0000:00:0d.2:   Max hop id (in/out): 31/31
[    1.407543] thunderbolt:tb_dump_port:456: thunderbolt 0000:00:0d.2:   Max counters: 4
[    1.407546] thunderbolt:tb_dump_port:457: thunderbolt 0000:00:0d.2:   NFC Credits: 0x4a000000
[    1.407550] thunderbolt:tb_dump_port:458: thunderbolt 0000:00:0d.2:   Credits (total/control): 160/2
[    1.409034] thunderbolt:tb_dump_port:449: thunderbolt 0000:00:0d.2:  Port 2: 0:5780 (Revision: 0, TB Version: 1, Type: Port (0x1))
[    1.409047] thunderbolt:tb_dump_port:454: thunderbolt 0000:00:0d.2:   Max hop id (in/out): 31/31
[    1.409052] thunderbolt:tb_dump_port:456: thunderbolt 0000:00:0d.2:   Max counters: 0
[    1.409055] thunderbolt:tb_dump_port:457: thunderbolt 0000:00:0d.2:   NFC Credits: 0xca000000
[    1.409058] thunderbolt:tb_dump_port:458: thunderbolt 0000:00:0d.2:   Credits (total/control): 160/2
[    1.410702] thunderbolt:tb_dump_port:449: thunderbolt 0000:00:0d.2:  Port 3: 0:5780 (Revision: 0, TB Version: 1, Type: Port (0x1))
[    1.410709] thunderbolt:tb_dump_port:454: thunderbolt 0000:00:0d.2:   Max hop id (in/out): 31/31
[    1.410713] thunderbolt:tb_dump_port:456: thunderbolt 0000:00:0d.2:   Max counters: 4
[    1.410716] thunderbolt:tb_dump_port:457: thunderbolt 0000:00:0d.2:   NFC Credits: 0x8a000000
[    1.410719] thunderbolt:tb_dump_port:458: thunderbolt 0000:00:0d.2:   Credits (total/control): 160/2
[    1.412199] thunderbolt:tb_dump_port:449: thunderbolt 0000:00:0d.2:  Port 4: 0:5780 (Revision: 0, TB Version: 1, Type: Port (0x1))
[    1.412202] thunderbolt:tb_dump_port:454: thunderbolt 0000:00:0d.2:   Max hop id (in/out): 31/31
[    1.412204] thunderbolt:tb_dump_port:456: thunderbolt 0000:00:0d.2:   Max counters: 0
[    1.412205] thunderbolt:tb_dump_port:457: thunderbolt 0000:00:0d.2:   NFC Credits: 0x8a000000
[    1.412207] thunderbolt:tb_dump_port:458: thunderbolt 0000:00:0d.2:   Credits (total/control): 160/2
[    1.413873] thunderbolt:tb_dump_port:449: thunderbolt 0000:00:0d.2:  Port 5: 0:5780 (Revision: 0, TB Version: 1, Type: Port (0x1))
